 sv_pureLevelBypass

 Timestamp is 66607300 (Wed Jun  5 16:15:28 2024)

 Preferred load address is 0000000140000000

 Start         Length     Name                   Class
 0001:00000000 00000020H .text$di                CODE
 0001:00000020 0000d730H .text$mn                CODE
 0001:0000d750 00000036H .text$mn$00             CODE
 0001:0000d786 00000072H .text$x                 CODE
 0001:0000d7f8 0000005bH .text$yd                CODE
 0002:00000000 000003e0H .idata$5                DATA
 0002:000003e0 00000038H .00cfg                  DATA
 0002:00000418 00000008H .CRT$XCA                DATA
 0002:00000420 00000008H .CRT$XCAA               DATA
 0002:00000428 00000008H .CRT$XCL                DATA
 0002:00000430 00000008H .CRT$XCU                DATA
 0002:00000438 00000008H .CRT$XCZ                DATA
 0002:00000440 00000008H .CRT$XIA                DATA
 0002:00000448 00000008H .CRT$XIAA               DATA
 0002:00000450 00000008H .CRT$XIAC               DATA
 0002:00000458 00000008H .CRT$XIZ                DATA
 0002:00000460 00000008H .CRT$XPA                DATA
 0002:00000468 00000008H .CRT$XPZ                DATA
 0002:00000470 00000008H .CRT$XTA                DATA
 0002:00000478 00000008H .CRT$XTZ                DATA
 0002:00000480 00000000H .gehcont$y              DATA
 0002:00000480 00000000H .gfids$y                DATA
 0002:00000480 00000000H .giats$y                DATA
 0002:00000480 00022180H .rdata                  DATA
 0002:00022600 00000000H .rdata$CastGuardVftablesA DATA
 0002:00022600 00000000H .rdata$CastGuardVftablesC DATA
 0002:00022600 00000684H .rdata$r                DATA
 0002:00022c84 0000006cH .rdata$voltmd           DATA
 0002:00022cf0 000003a0H .rdata$zzzdbg           DATA
 0002:00023090 00000008H .rtc$IAA                DATA
 0002:00023098 00000008H .rtc$IZZ                DATA
 0002:000230a0 00000008H .rtc$TAA                DATA
 0002:000230a8 00000008H .rtc$TZZ                DATA
 0002:000230b0 000006f8H .xdata                  DATA
 0002:000237a8 000001dcH .xdata$x                DATA
 0002:00023984 00000000H .edata                  DATA
 0002:00023984 000000c8H .idata$2                DATA
 0002:00023a4c 00000014H .idata$3                DATA
 0002:00023a60 000003e0H .idata$4                DATA
 0002:00023e40 00000c56H .idata$6                DATA
 0003:00000000 00000088H .data                   DATA
 0003:00000088 000000f8H .data$r                 DATA
 0003:00000180 000001d0H .data$rs                DATA
 0003:00000350 00000618H .bss                    DATA
 0004:00000000 00000744H .pdata                  DATA
 0005:00000000 00000060H .rsrc$01                DATA
 0005:00000060 00000180H .rsrc$02                DATA

  Address         Publics by Value              Rva+Base               Lib:Object

 0000:00000000       __AbsoluteZero             0000000000000000     <absolute>
 0000:00000000       ___safe_se_handler_count   0000000000000000     <absolute>
 0000:00000000       ___safe_se_handler_table   0000000000000000     <absolute>
 0000:00000000       __arm64x_extra_rfe_table   0000000000000000     <absolute>
 0000:00000000       __arm64x_extra_rfe_table_size 0000000000000000     <absolute>
 0000:00000000       __arm64x_native_entrypoint 0000000000000000     <absolute>
 0000:00000000       __arm64x_redirection_metadata 0000000000000000     <absolute>
 0000:00000000       __arm64x_redirection_metadata_count 0000000000000000     <absolute>
 0000:00000000       __dynamic_value_reloc_table 0000000000000000     <absolute>
 0000:00000000       __enclave_config           0000000000000000     <absolute>
 0000:00000000       __guard_check_icall_a64n_fptr 0000000000000000     <absolute>
 0000:00000000       __guard_eh_cont_count      0000000000000000     <absolute>
 0000:00000000       __guard_eh_cont_table      0000000000000000     <absolute>
 0000:00000000       __guard_fids_count         0000000000000000     <absolute>
 0000:00000000       __guard_fids_table         0000000000000000     <absolute>
 0000:00000000       __guard_iat_count          0000000000000000     <absolute>
 0000:00000000       __guard_iat_table          0000000000000000     <absolute>
 0000:00000000       __guard_longjmp_count      0000000000000000     <absolute>
 0000:00000000       __guard_longjmp_table      0000000000000000     <absolute>
 0000:00000000       __hybrid_auxiliary_delayload_iat 0000000000000000     <absolute>
 0000:00000000       __hybrid_auxiliary_delayload_iat_copy 0000000000000000     <absolute>
 0000:00000000       __hybrid_auxiliary_iat     0000000000000000     <absolute>
 0000:00000000       __hybrid_auxiliary_iat_copy 0000000000000000     <absolute>
 0000:00000000       __hybrid_code_map          0000000000000000     <absolute>
 0000:00000000       __hybrid_code_map_count    0000000000000000     <absolute>
 0000:00000000       __hybrid_image_info_bitfield 0000000000000000     <absolute>
 0000:00000000       __x64_code_ranges_to_entry_points 0000000000000000     <absolute>
 0000:00000000       __x64_code_ranges_to_entry_points_count 0000000000000000     <absolute>
 0000:00000100       __guard_flags              0000000000000100     <absolute>
 0000:00000000       __ImageBase                0000000140000000     <linker-defined>
 0001:00000020       ??0exception@std@@QEAA@AEBV01@@Z 0000000140001020 f i entry.obj
 0001:00000054       ?what@exception@std@@UEBAPEBDXZ 0000000140001054 f i entry.obj
 0001:00000068       ??_Ebad_alloc@std@@UEAAPEAXI@Z 0000000140001068 f i * CIL library *:* CIL module *
 0001:00000068       ??_Ebad_array_new_length@std@@UEAAPEAXI@Z 0000000140001068 f i * CIL library *:* CIL module *
 0001:00000068       ??_Ebad_cast@std@@UEAAPEAXI@Z 0000000140001068 f i * CIL library *:* CIL module *
 0001:00000068       ??_Eexception@std@@UEAAPEAXI@Z 0000000140001068 f i * CIL library *:* CIL module *
 0001:00000068       ??_Eformat_error@std@@UEAAPEAXI@Z 0000000140001068 f i * CIL library *:* CIL module *
 0001:00000068       ??_Eruntime_error@std@@UEAAPEAXI@Z 0000000140001068 f i * CIL library *:* CIL module *
 0001:00000068       ??_Gbad_alloc@std@@UEAAPEAXI@Z 0000000140001068 f i entry.obj
 0001:00000068       ??_Gbad_array_new_length@std@@UEAAPEAXI@Z 0000000140001068 f i entry.obj
 0001:00000068       ??_Gbad_cast@std@@UEAAPEAXI@Z 0000000140001068 f i entry.obj
 0001:00000068       ??_Gexception@std@@UEAAPEAXI@Z 0000000140001068 f i entry.obj
 0001:00000068       ??_Gformat_error@std@@UEAAPEAXI@Z 0000000140001068 f i entry.obj
 0001:00000068       ??_Gruntime_error@std@@UEAAPEAXI@Z 0000000140001068 f i entry.obj
 0001:000000ac       ??1bad_alloc@std@@UEAA@XZ  00000001400010ac f i entry.obj
 0001:000000ac       ??1bad_array_new_length@std@@UEAA@XZ 00000001400010ac f i entry.obj
 0001:000000ac       ??1bad_cast@std@@UEAA@XZ   00000001400010ac f i entry.obj
 0001:000000ac       ??1format_error@std@@UEAA@XZ 00000001400010ac f i entry.obj
 0001:000000c4       ??0bad_array_new_length@std@@QEAA@XZ 00000001400010c4 f i entry.obj
 0001:000000e4       ?_Throw_bad_array_new_length@std@@YAXXZ 00000001400010e4 f i entry.obj
 0001:000000e4       ?__scrt_throw_std_bad_array_new_length@@YAXXZ 00000001400010e4 f i MSVCRT:throw_bad_alloc.obj
 0001:00000104       ??0bad_array_new_length@std@@QEAA@AEBV01@@Z 0000000140001104 f i entry.obj
 0001:00000144       ??0bad_alloc@std@@QEAA@AEBV01@@Z 0000000140001144 f i entry.obj
 0001:00000184       ?_Xlen_string@std@@YAXXZ   0000000140001184 f i entry.obj
 0001:00000198       ??0runtime_error@std@@QEAA@AEBV01@@Z 0000000140001198 f i entry.obj
 0001:000001d8       ??0bad_cast@std@@QEAA@XZ   00000001400011d8 f i entry.obj
 0001:000001f8       ?_Throw_bad_cast@std@@YAXXZ 00000001400011f8 f i entry.obj
 0001:00000218       ??0bad_cast@std@@QEAA@AEBV01@@Z 0000000140001218 f i entry.obj
 0001:00000258       ?__mulShift_mod1e9@std@@YAI_KQEB_KH@Z 0000000140001258 f i entry.obj
 0001:0000031c       ?__append_d_digits@std@@YAXIIQEAD@Z 000000014000131c f i entry.obj
 0001:000003fc       ?__d2exp_buffered_n@std@@YA?AUto_chars_result@1@PEADQEADNI@Z 00000001400013fc f i entry.obj
 0001:00000bcc       ?__f2d@std@@YA?AU__floating_decimal_32@1@II@Z 0000000140001bcc f i entry.obj
 0001:000010c8       ?__mulShiftAll@std@@YA_K_KQEB_KHQEA_K2I@Z 00000001400020c8 f i entry.obj
 0001:00001188       ?__d2d@std@@YA?AU__floating_decimal_64@1@_KI@Z 0000000140002188 f i entry.obj
 0001:00001674       ?to_chars@std@@YA?AUto_chars_result@1@QEAD0EH@Z 0000000140002674 f i entry.obj
 0001:00001854       ?to_chars@std@@YA?AUto_chars_result@1@QEAD0IH@Z 0000000140002854 f i entry.obj
 0001:00001a28       ?to_chars@std@@YA?AUto_chars_result@1@QEAD0_KH@Z 0000000140002a28 f i entry.obj
 0001:00001c04       ?to_chars@std@@YA?AUto_chars_result@1@QEAD0M@Z 0000000140002c04 f i entry.obj
 0001:00001cec       ?to_chars@std@@YA?AUto_chars_result@1@QEAD0MW4chars_format@1@@Z 0000000140002cec f i entry.obj
 0001:00001de4       ?to_chars@std@@YA?AUto_chars_result@1@QEAD0MW4chars_format@1@H@Z 0000000140002de4 f i entry.obj
 0001:00001f50       ?_Throw_format_error@std@@YAXQEBD@Z 0000000140002f50 f i entry.obj
 0001:00001f74       ??0format_error@std@@QEAA@PEBD@Z 0000000140002f74 f i entry.obj
 0001:00001fbc       ??0format_error@std@@QEAA@AEBV01@@Z 0000000140002fbc f i entry.obj
 0001:00001ffc       ?_Decode_utf@std@@YA?AU?$_Decode_result@D@1@PEBD0AEA_U@Z 0000000140002ffc f i entry.obj
 0001:00002164       ?now@steady_clock@chrono@std@@SA?AV?$time_point@Usteady_clock@chrono@std@@V?$duration@_JU?$ratio@$00$0DLJKMKAA@@std@@@23@@23@XZ 0000000140003164 f i entry.obj
 0001:00002228       ??0FmPrint@@QEAA@XZ        0000000140003228 f i entry.obj
 0001:00002424       ?SetTextColor@FmPrint@@AEAAXI@Z 0000000140003424 f i entry.obj
 0001:000025d0       ?get_net_module@@YA?AUmodule_t@@K@Z 00000001400035d0 f   entry.obj
 0001:000026b4       ?find_pattern@@YA_KPEAXUmodule_t@@QEBHH@Z 00000001400036b4 f   entry.obj
 0001:000028ac       main                       00000001400038ac f   entry.obj
 0001:00002d50       ?do_truename@?$numpunct@D@std@@MEBA?AV?$basic_string@DU?$char_traits@D@std@@V?$allocator@D@2@@2@XZ 0000000140003d50 f i entry.obj
 0001:00002d70       ?do_falsename@?$numpunct@D@std@@MEBA?AV?$basic_string@DU?$char_traits@D@std@@V?$allocator@D@2@@2@XZ 0000000140003d70 f i entry.obj
 0001:00002d90       ?do_grouping@?$numpunct@D@std@@MEBA?AV?$basic_string@DU?$char_traits@D@std@@V?$allocator@D@2@@2@XZ 0000000140003d90 f i entry.obj
 0001:00002db0       ?do_thousands_sep@?$numpunct@D@std@@MEBADXZ 0000000140003db0 f i entry.obj
 0001:00002db4       ?do_decimal_point@?$numpunct@D@std@@MEBADXZ 0000000140003db4 f i entry.obj
 0001:00002db8       ??0?$basic_string@DU?$char_traits@D@std@@V?$allocator@D@2@@std@@QEAA@QEBD@Z 0000000140003db8 f i entry.obj
 0001:00002ee8       ??_E?$numpunct@D@std@@MEAAPEAXI@Z 0000000140003ee8 f i * CIL library *:* CIL module *
 0001:00002ee8       ??_G?$numpunct@D@std@@MEAAPEAXI@Z 0000000140003ee8 f i entry.obj
 0001:00002f54       ?_Xran@?$_String_val@U?$_Simple_types@D@std@@@std@@SAXXZ 0000000140003f54 f i entry.obj
 0001:00002f68       ??$__append_nine_digits@D@std@@YAXIQEAD@Z 0000000140003f68 f i entry.obj
 0001:00002ff0       ??$__append_c_digits@D@std@@YAXIIQEAD@Z 0000000140003ff0 f i entry.obj
 0001:00003088       ??$_Integer_to_chars@H@std@@YA?AUto_chars_result@0@PEADQEADHH@Z 0000000140004088 f i entry.obj
 0001:00003280       ??$_Integer_to_chars@_J@std@@YA?AUto_chars_result@0@PEADQEAD_JH@Z 0000000140004280 f i entry.obj
 0001:00003474       ??$_Floating_to_chars@$0A@N@std@@YA?AUto_chars_result@0@PEADQEADNW4chars_format@0@H@Z 0000000140004474 f i entry.obj
 0001:0000357c       ??$_Floating_to_chars@$00N@std@@YA?AUto_chars_result@0@PEADQEADNW4chars_format@0@H@Z 000000014000457c f i entry.obj
 0001:00003694       ??$_Floating_to_chars@$01N@std@@YA?AUto_chars_result@0@PEADQEADNW4chars_format@0@H@Z 0000000140004694 f i entry.obj
 0001:00003818       ??$?6U?$char_traits@D@std@@@std@@YAAEAV?$basic_ostream@DU?$char_traits@D@std@@@0@AEAV10@PEBD@Z 0000000140004818 f i entry.obj
 0001:00003988       ??$print@$02$$V@FmPrint@@QEAAXV?$basic_string_view@DU?$char_traits@D@std@@@std@@@Z 0000000140004988 f i entry.obj
 0001:00003a50       ??$sleep_for@_JU?$ratio@$00$00@std@@@this_thread@std@@YAXAEBV?$duration@_JU?$ratio@$00$00@std@@@chrono@1@@Z 0000000140004a50 f i entry.obj
 0001:00003b30       ??$print@$03$$V@FmPrint@@QEAAXV?$basic_string_view@DU?$char_traits@D@std@@@std@@@Z 0000000140004b30 f i entry.obj
 0001:00003bf8       ??$print@$00$$V@FmPrint@@QEAAXV?$basic_string_view@DU?$char_traits@D@std@@@std@@@Z 0000000140004bf8 f i entry.obj
 0001:00003cc0       ??$use_facet@V?$numpunct@D@std@@@std@@YAAEBV?$numpunct@D@0@AEBVlocale@0@@Z 0000000140004cc0 f i entry.obj
 0001:00003d94       ??0sentry@?$basic_ostream@DU?$char_traits@D@std@@@std@@QEAA@AEAV12@@Z 0000000140004d94 f i entry.obj
 0001:00003e14       ?_Getcat@?$numpunct@D@std@@SA_KPEAPEBVfacet@locale@2@PEBV42@@Z 0000000140004e14 f i entry.obj
 0001:00003f4c       ??$_Floating_to_chars_ryu@M@std@@YA?AUto_chars_result@0@QEAD0MW4chars_format@0@@Z 0000000140004f4c f i entry.obj
 0001:00004050       ??$_Floating_to_chars_ryu@N@std@@YA?AUto_chars_result@0@QEAD0NW4chars_format@0@@Z 0000000140005050 f i entry.obj
 0001:000041f0       ??$_Floating_to_chars_hex_shortest@M@std@@YA?AUto_chars_result@0@PEADQEADM@Z 00000001400051f0 f i entry.obj
 0001:000042fc       ??$_Floating_to_chars_hex_shortest@N@std@@YA?AUto_chars_result@0@PEADQEADN@Z 00000001400052fc f i entry.obj
 0001:00004414       ??$_Floating_to_chars_general_precision@M@std@@YA?AUto_chars_result@0@PEADQEADMH@Z 0000000140005414 f i entry.obj
 0001:000046a8       ??$_Floating_to_chars_hex_precision@M@std@@YA?AUto_chars_result@0@PEADQEADMH@Z 00000001400056a8 f i entry.obj
 0001:0000484c       ??$_Floating_to_chars_general_precision@N@std@@YA?AUto_chars_result@0@PEADQEADNH@Z 000000014000584c f i entry.obj
 0001:00004b2c       ??$_Floating_to_chars_hex_precision@N@std@@YA?AUto_chars_result@0@PEADQEADNH@Z 0000000140005b2c f i entry.obj
 0001:00004cfc       ??$_Maklocstr@D@std@@YAPEADPEBDPEADAEBU_Cvtvec@@@Z 0000000140005cfc f i entry.obj
 0001:00004d64       ??$_Insert_string@DU?$char_traits@D@std@@_K@std@@YAAEAV?$basic_ostream@DU?$char_traits@D@std@@@0@AEAV10@QEBD_K@Z 0000000140005d64 f i entry.obj
 0001:00004ed4       ?_Xlength@?$vector@EV?$allocator@E@std@@@std@@CAXXZ 0000000140005ed4 f i entry.obj
 0001:00004ee8       ??$__d2fixed_buffered_n@D@std@@YA?AU?$pair@PEADW4errc@std@@@0@PEADQEADNI@Z 0000000140005ee8 f i entry.obj
 0001:00005474       ??$vformat_to@V?$back_insert_iterator@V?$basic_string@DU?$char_traits@D@std@@V?$allocator@D@2@@std@@@std@@@__p2286@std@@YA?AV?$back_insert_iterator@V?$basic_string@DU?$char_traits@D@std@@V?$allocator@D@2@@std@@@1@V21@V?$basic_string_view@DU?$char_traits@D@std@@@1@V?$basic_format_args@V?$basic_format_context@V?$back_insert_iterator@V?$_Fmt_buffer@D@std@@@std@@D@std@@@1@@Z 0000000140006474 f i entry.obj
 0001:00005660       ??$_Reallocate_grow_by@V<lambda_1>@?1??reserve@?$basic_string@DU?$char_traits@D@std@@V?$allocator@D@2@@std@@QEAAX_K@Z@$$V@?$basic_string@DU?$char_traits@D@std@@V?$allocator@D@2@@std@@AEAAAEAV01@_KV<lambda_1>@?1??reserve@01@QEAAX0@Z@@Z 0000000140006660 f i entry.obj
 0001:000057ac       ?_Grow@?$_Fmt_iterator_buffer@V?$back_insert_iterator@V?$basic_string@DU?$char_traits@D@std@@V?$allocator@D@2@@std@@@std@@DU_Fmt_buffer_traits@2@@std@@EEAAX_K@Z 00000001400067ac f i entry.obj
 0001:000057c4       ?_Flush@?$_Fmt_iterator_buffer@V?$back_insert_iterator@V?$basic_string@DU?$char_traits@D@std@@V?$allocator@D@2@@std@@@std@@DU_Fmt_buffer_traits@2@@std@@AEAAXXZ 00000001400067c4 f i entry.obj
 0001:000058d0       ??$_Large_integer_to_chars@D@std@@YA?AU?$pair@PEADW4errc@std@@@0@QEAD0IH@Z 00000001400068d0 f i entry.obj
 0001:00005ad8       ??$__to_chars@D@std@@YA?AU?$pair@PEADW4errc@std@@@0@QEAD0U__floating_decimal_32@0@W4chars_format@0@II@Z 0000000140006ad8 f i entry.obj
 0001:00005ef8       ??$__to_chars@D@std@@YA?AU?$pair@PEADW4errc@std@@@0@QEAD0U__floating_decimal_64@0@W4chars_format@0@N@Z 0000000140006ef8 f i entry.obj
 0001:00006588       ??$__append_n_digits@D@std@@YAXIIQEAD@Z 0000000140007588 f i entry.obj
 0001:0000666c       ??$_Parse_replacement_field@DAEAU?$_Format_handler@D@__p2286@std@@@std@@YAPEBDPEBD0AEAU?$_Format_handler@D@__p2286@0@@Z 000000014000766c f i entry.obj
 0001:00006988       ??$_Reallocate_grow_by@V<lambda_1>@?1??insert@?$basic_string@DU?$char_traits@D@std@@V?$allocator@D@2@@std@@QEAAAEAV34@_KQEBD0@Z@_KPEBD_K@?$basic_string@DU?$char_traits@D@std@@V?$allocator@D@2@@std@@AEAAAEAV01@_KV<lambda_1>@?1??insert@01@QEAAAEAV01@0QEBD0@Z@_KPEBD3@Z 0000000140007988 f i entry.obj
 0001:00006b30       ??$_Visit@U?$_Arg_formatter@V?$back_insert_iterator@V?$_Fmt_buffer@D@std@@@std@@D@__p2286@std@@@?$basic_format_arg@V?$basic_format_context@V?$back_insert_iterator@V?$_Fmt_buffer@D@std@@@std@@D@std@@@std@@QEAA?A_T$$QEAU?$_Arg_formatter@V?$back_insert_iterator@V?$_Fmt_buffer@D@std@@@std@@D@__p2286@1@@Z 0000000140007b30 f i entry.obj
 0001:00006ee8       ??$_Visit@U?$_Default_arg_formatter@V?$back_insert_iterator@V?$_Fmt_buffer@D@std@@@std@@D@__p2286@std@@@?$basic_format_arg@V?$basic_format_context@V?$back_insert_iterator@V?$_Fmt_buffer@D@std@@@std@@D@std@@@std@@QEAA?A_T$$QEAU?$_Default_arg_formatter@V?$back_insert_iterator@V?$_Fmt_buffer@D@std@@@std@@D@__p2286@1@@Z 0000000140007ee8 f i entry.obj
 0001:00007348       ??R?$_Arg_formatter@V?$back_insert_iterator@V?$_Fmt_buffer@D@std@@@std@@D@__p2286@std@@QEAA?AV?$back_insert_iterator@V?$_Fmt_buffer@D@std@@@2@Vhandle@?$basic_format_arg@V?$basic_format_context@V?$back_insert_iterator@V?$_Fmt_buffer@D@std@@@std@@D@std@@@2@@Z 0000000140008348 f i entry.obj
 0001:00007354       ??$_Get_arg@V?$basic_format_context@V?$back_insert_iterator@V?$_Fmt_buffer@D@std@@@std@@D@std@@@std@@YA?AV?$basic_format_arg@V?$basic_format_context@V?$back_insert_iterator@V?$_Fmt_buffer@D@std@@@std@@D@std@@@0@AEBV?$basic_format_context@V?$back_insert_iterator@V?$_Fmt_buffer@D@std@@@std@@D@0@_K@Z 0000000140008354 f i entry.obj
 0001:000074c0       ??$_Parse_format_specs@DAEAV?$_Specs_checker@V?$_Specs_handler@V?$basic_format_parse_context@D@std@@V?$basic_format_context@V?$back_insert_iterator@V?$_Fmt_buffer@D@std@@@std@@D@2@@std@@@std@@@std@@YAPEBDPEBD0AEAV?$_Specs_checker@V?$_Specs_handler@V?$basic_format_parse_context@D@std@@V?$basic_format_context@V?$back_insert_iterator@V?$_Fmt_buffer@D@std@@@std@@D@2@@std@@@0@@Z 00000001400084c0 f i entry.obj
 0001:000078f4       ??$_On_type@D@?$_Specs_checker@V?$_Specs_handler@V?$basic_format_parse_context@D@std@@V?$basic_format_context@V?$back_insert_iterator@V?$_Fmt_buffer@D@std@@@std@@D@2@@std@@@std@@QEAAXD@Z 00000001400088f4 f i entry.obj
 0001:00007b98       ??$_Parse_precision@DAEAV?$_Specs_checker@V?$_Specs_handler@V?$basic_format_parse_context@D@std@@V?$basic_format_context@V?$back_insert_iterator@V?$_Fmt_buffer@D@std@@@std@@D@2@@std@@@std@@@std@@YAPEBDPEBD0AEAV?$_Specs_checker@V?$_Specs_handler@V?$basic_format_parse_context@D@std@@V?$basic_format_context@V?$back_insert_iterator@V?$_Fmt_buffer@D@std@@@std@@D@2@@std@@@0@@Z 0000000140008b98 f i entry.obj
 0001:00007dc8       ??$_Fmt_write@DV?$back_insert_iterator@V?$_Fmt_buffer@D@std@@@std@@@__p2286@std@@YA?AV?$back_insert_iterator@V?$_Fmt_buffer@D@std@@@1@V21@_NU?$_Basic_format_specs@D@1@V_Lazy_locale@1@@Z 0000000140008dc8 f i entry.obj
 0001:00007ffc       ??$_Fmt_write@DV?$back_insert_iterator@V?$_Fmt_buffer@D@std@@@std@@@__p2286@std@@YA?AV?$back_insert_iterator@V?$_Fmt_buffer@D@std@@@1@V21@DU?$_Basic_format_specs@D@1@V_Lazy_locale@1@@Z 0000000140008ffc f i entry.obj
 0001:000080c0       ??$_Fmt_write@DV?$back_insert_iterator@V?$_Fmt_buffer@D@std@@@std@@M@__p2286@std@@YA?AV?$back_insert_iterator@V?$_Fmt_buffer@D@std@@@1@V21@MAEBU?$_Basic_format_specs@D@1@V_Lazy_locale@1@@Z 00000001400090c0 f i entry.obj
 0001:00008774       ??R<lambda_1>@?1???$_Fmt_write@DV?$back_insert_iterator@V?$_Fmt_buffer@D@std@@@std@@M@__p2286@std@@YA?AV?$back_insert_iterator@V?$_Fmt_buffer@D@std@@@2@V32@MAEBU?$_Basic_format_specs@D@2@V_Lazy_locale@2@@Z@QEBA@0@Z 0000000140009774 f i entry.obj
 0001:00008774       ??R<lambda_1>@?1???$_Fmt_write@DV?$back_insert_iterator@V?$_Fmt_buffer@D@std@@@std@@N@__p2286@std@@YA?AV?$back_insert_iterator@V?$_Fmt_buffer@D@std@@@2@V32@NAEBU?$_Basic_format_specs@D@2@V_Lazy_locale@2@@Z@QEBA@0@Z 0000000140009774 f i entry.obj
 0001:00008774       ??R<lambda_1>@?1???$_Fmt_write@DV?$back_insert_iterator@V?$_Fmt_buffer@D@std@@@std@@O@__p2286@std@@YA?AV?$back_insert_iterator@V?$_Fmt_buffer@D@std@@@2@V32@OAEBU?$_Basic_format_specs@D@2@V_Lazy_locale@2@@Z@QEBA@0@Z 0000000140009774 f i entry.obj
 0001:00008a04       ??$_Fmt_write@DV?$back_insert_iterator@V?$_Fmt_buffer@D@std@@@std@@N@__p2286@std@@YA?AV?$back_insert_iterator@V?$_Fmt_buffer@D@std@@@1@V21@NAEBU?$_Basic_format_specs@D@1@V_Lazy_locale@1@@Z 0000000140009a04 f i entry.obj
 0001:000090c4       ??$_Fmt_write@DV?$back_insert_iterator@V?$_Fmt_buffer@D@std@@@std@@O@__p2286@std@@YA?AV?$back_insert_iterator@V?$_Fmt_buffer@D@std@@@1@V21@OAEBU?$_Basic_format_specs@D@1@V_Lazy_locale@1@@Z 000000014000a0c4 f i entry.obj
 0001:00009784       ??R<lambda_1>@?1???$_Fmt_write@DV?$back_insert_iterator@V?$_Fmt_buffer@D@std@@@std@@@__p2286@std@@YA?AV?$back_insert_iterator@V?$_Fmt_buffer@D@std@@@2@V32@QEBXAEBU?$_Basic_format_specs@D@2@V_Lazy_locale@2@@Z@QEBA@0@Z 000000014000a784 f i entry.obj
 0001:00009840       ??$_Fmt_write@DV?$back_insert_iterator@V?$_Fmt_buffer@D@std@@@std@@@__p2286@std@@YA?AV?$back_insert_iterator@V?$_Fmt_buffer@D@std@@@1@V21@V?$basic_string_view@DU?$char_traits@D@std@@@1@AEBU?$_Basic_format_specs@D@1@V_Lazy_locale@1@@Z 000000014000a840 f i entry.obj
 0001:0000991c       ??$_Fmt_write@DV?$back_insert_iterator@V?$_Fmt_buffer@D@std@@@std@@@__p2286@std@@YA?AV?$back_insert_iterator@V?$_Fmt_buffer@D@std@@@1@V21@PEBD@Z 000000014000a91c f i entry.obj
 0001:0000999c       ??$_Write_integral@DV?$back_insert_iterator@V?$_Fmt_buffer@D@std@@@std@@E@__p2286@std@@YA?AV?$back_insert_iterator@V?$_Fmt_buffer@D@std@@@1@V21@EU?$_Basic_format_specs@D@1@V_Lazy_locale@1@@Z 000000014000a99c f i entry.obj
 0001:00009da8       ??R<lambda_1>@?1???$_Write_integral@DV?$back_insert_iterator@V?$_Fmt_buffer@D@std@@@std@@E@__p2286@std@@YA?AV?$back_insert_iterator@V?$_Fmt_buffer@D@std@@@2@V32@EU?$_Basic_format_specs@D@2@V_Lazy_locale@2@@Z@QEBA@0@Z 000000014000ada8 f i entry.obj
 0001:00009da8       ??R<lambda_1>@?1???$_Write_integral@DV?$back_insert_iterator@V?$_Fmt_buffer@D@std@@@std@@I@__p2286@std@@YA?AV?$back_insert_iterator@V?$_Fmt_buffer@D@std@@@2@V32@IU?$_Basic_format_specs@D@2@V_Lazy_locale@2@@Z@QEBA@0@Z 000000014000ada8 f i entry.obj
 0001:00009da8       ??R<lambda_1>@?1???$_Write_integral@DV?$back_insert_iterator@V?$_Fmt_buffer@D@std@@@std@@_K@__p2286@std@@YA?AV?$back_insert_iterator@V?$_Fmt_buffer@D@std@@@2@V32@_KU?$_Basic_format_specs@D@2@V_Lazy_locale@2@@Z@QEBA@0@Z 000000014000ada8 f i entry.obj
 0001:00009f24       ??$_Write_integral@DV?$back_insert_iterator@V?$_Fmt_buffer@D@std@@@std@@H@__p2286@std@@YA?AV?$back_insert_iterator@V?$_Fmt_buffer@D@std@@@1@V21@HU?$_Basic_format_specs@D@1@V_Lazy_locale@1@@Z 000000014000af24 f i entry.obj
 0001:0000a33c       ??R<lambda_1>@?1???$_Write_integral@DV?$back_insert_iterator@V?$_Fmt_buffer@D@std@@@std@@H@__p2286@std@@YA?AV?$back_insert_iterator@V?$_Fmt_buffer@D@std@@@2@V32@HU?$_Basic_format_specs@D@2@V_Lazy_locale@2@@Z@QEBA@0@Z 000000014000b33c f i entry.obj
 0001:0000a4c0       ??$_Write_integral@DV?$back_insert_iterator@V?$_Fmt_buffer@D@std@@@std@@I@__p2286@std@@YA?AV?$back_insert_iterator@V?$_Fmt_buffer@D@std@@@1@V21@IU?$_Basic_format_specs@D@1@V_Lazy_locale@1@@Z 000000014000b4c0 f i entry.obj
 0001:0000a8c8       ??$_Write_integral@DV?$back_insert_iterator@V?$_Fmt_buffer@D@std@@@std@@_J@__p2286@std@@YA?AV?$back_insert_iterator@V?$_Fmt_buffer@D@std@@@1@V21@_JU?$_Basic_format_specs@D@1@V_Lazy_locale@1@@Z 000000014000b8c8 f i entry.obj
 0001:0000ace8       ??R<lambda_1>@?1???$_Write_integral@DV?$back_insert_iterator@V?$_Fmt_buffer@D@std@@@std@@_J@__p2286@std@@YA?AV?$back_insert_iterator@V?$_Fmt_buffer@D@std@@@2@V32@_JU?$_Basic_format_specs@D@2@V_Lazy_locale@2@@Z@QEBA@0@Z 000000014000bce8 f i entry.obj
 0001:0000ae6c       ??$_Write_integral@DV?$back_insert_iterator@V?$_Fmt_buffer@D@std@@@std@@_K@__p2286@std@@YA?AV?$back_insert_iterator@V?$_Fmt_buffer@D@std@@@1@V21@_KU?$_Basic_format_specs@D@1@V_Lazy_locale@1@@Z 000000014000be6c f i entry.obj
 0001:0000b274       ??$_Write_escaped@DV?$back_insert_iterator@V?$_Fmt_buffer@D@std@@@std@@@__p2286@std@@YA?AV?$back_insert_iterator@V?$_Fmt_buffer@D@std@@@1@V21@V?$basic_string_view@DU?$char_traits@D@std@@@1@U?$_Basic_format_specs@D@1@D@Z 000000014000c274 f i entry.obj
 0001:0000b41c       ??$_Write_sign@V?$back_insert_iterator@V?$_Fmt_buffer@D@std@@@std@@@__p2286@std@@YA?AV?$back_insert_iterator@V?$_Fmt_buffer@D@std@@@1@V21@W4_Fmt_sign@1@_N@Z 000000014000c41c f i entry.obj
 0001:0000b4bc       ??$?RDV?$back_insert_iterator@V?$_Fmt_buffer@D@std@@@std@@@_Fill_n_fn@ranges@std@@QEBA?AV?$back_insert_iterator@V?$_Fmt_buffer@D@std@@@2@V32@_JAEBD@Z 000000014000c4bc f i entry.obj
 0001:0000b53c       ??$_Write_separated_integer@DV?$back_insert_iterator@V?$_Fmt_buffer@D@std@@@std@@@__p2286@std@@YA?AV?$back_insert_iterator@V?$_Fmt_buffer@D@std@@@1@PEBDQEBDV?$basic_string_view@DU?$char_traits@D@std@@@1@DHV21@@Z 000000014000c53c f i entry.obj
 0001:0000b650       ??$_Widen_and_copy@DV?$back_insert_iterator@V?$_Fmt_buffer@D@std@@@std@@@__p2286@std@@YA?AV?$back_insert_iterator@V?$_Fmt_buffer@D@std@@@1@PEBDQEBDV21@@Z 000000014000c650 f i entry.obj
 0001:0000b6cc       ??$_Write_aligned@V?$back_insert_iterator@V?$_Fmt_buffer@D@std@@@std@@U?$_Basic_format_specs@D@2@AEAV<lambda_1>@?1???$_Fmt_write@DV?$back_insert_iterator@V?$_Fmt_buffer@D@std@@@std@@@__p2286@2@YA?AV12@V12@QEBXAEBU32@V_Lazy_locale@2@@Z@@__p2286@std@@YA?AV?$back_insert_iterator@V?$_Fmt_buffer@D@std@@@1@V21@HAEBU?$_Basic_format_specs@D@1@W4_Fmt_align@1@AEAV<lambda_1>@?1???$_Fmt_write@DV?$back_insert_iterator@V?$_Fmt_buffer@D@std@@@std@@@01@YA?AV21@0QEBX1V_Lazy_locale@1@@Z@@Z 000000014000c6cc f i entry.obj
 0001:0000b7a8       ??$_Measure_string_prefix@D@__p2286@std@@YAPEBDV?$basic_string_view@DU?$char_traits@D@std@@@1@AEAH@Z 000000014000c7a8 f i entry.obj
 0001:0000b904       ??$_Write_aligned@V?$back_insert_iterator@V?$_Fmt_buffer@D@std@@@std@@U?$_Basic_format_specs@D@2@V<lambda_1>@?1???$_Fmt_write@DV?$back_insert_iterator@V?$_Fmt_buffer@D@std@@@std@@@__p2286@2@YA?AV12@V12@V?$basic_string_view@DU?$char_traits@D@std@@@2@AEBU32@V_Lazy_locale@2@@Z@@__p2286@std@@YA?AV?$back_insert_iterator@V?$_Fmt_buffer@D@std@@@1@V21@HAEBU?$_Basic_format_specs@D@1@W4_Fmt_align@1@$$QEAV<lambda_1>@?1???$_Fmt_write@DV?$back_insert_iterator@V?$_Fmt_buffer@D@std@@@std@@@01@YA?AV21@0V?$basic_string_view@DU?$char_traits@D@std@@@1@1V_Lazy_locale@1@@Z@@Z 000000014000c904 f i entry.obj
 0001:0000ba08       ??$?RAEBV?$basic_string_view@DU?$char_traits@D@std@@@std@@V?$back_insert_iterator@V?$_Fmt_buffer@D@std@@@1@@_Copy_fn@ranges@std@@QEBA?AU?$in_out_result@V?$_String_view_iterator@U?$char_traits@D@std@@@std@@V?$back_insert_iterator@V?$_Fmt_buffer@D@std@@@2@@12@AEBV?$basic_string_view@DU?$char_traits@D@std@@@2@V?$back_insert_iterator@V?$_Fmt_buffer@D@std@@@2@@Z 000000014000ca08 f i entry.obj
 0001:0000ba88       ??E?$_Grapheme_break_property_iterator@D@std@@QEAAAEAV01@XZ 000000014000ca88 f i entry.obj
 0001:0000bd4c       ??$_Write_aligned@V?$back_insert_iterator@V?$_Fmt_buffer@D@std@@@std@@U?$_Basic_format_specs@D@2@AEAV<lambda_1>@?1???$_Write_integral@DV?$back_insert_iterator@V?$_Fmt_buffer@D@std@@@std@@E@__p2286@2@YA?AV12@V12@EU32@V_Lazy_locale@2@@Z@@__p2286@std@@YA?AV?$back_insert_iterator@V?$_Fmt_buffer@D@std@@@1@V21@HAEBU?$_Basic_format_specs@D@1@W4_Fmt_align@1@AEAV<lambda_1>@?1???$_Write_integral@DV?$back_insert_iterator@V?$_Fmt_buffer@D@std@@@std@@E@01@YA?AV21@0EU31@V_Lazy_locale@1@@Z@@Z 000000014000cd4c f i entry.obj
 0001:0000bd4c       ??$_Write_aligned@V?$back_insert_iterator@V?$_Fmt_buffer@D@std@@@std@@U?$_Basic_format_specs@D@2@AEAV<lambda_1>@?1???$_Write_integral@DV?$back_insert_iterator@V?$_Fmt_buffer@D@std@@@std@@I@__p2286@2@YA?AV12@V12@IU32@V_Lazy_locale@2@@Z@@__p2286@std@@YA?AV?$back_insert_iterator@V?$_Fmt_buffer@D@std@@@1@V21@HAEBU?$_Basic_format_specs@D@1@W4_Fmt_align@1@AEAV<lambda_1>@?1???$_Write_integral@DV?$back_insert_iterator@V?$_Fmt_buffer@D@std@@@std@@I@01@YA?AV21@0IU31@V_Lazy_locale@1@@Z@@Z 000000014000cd4c f i entry.obj
 0001:0000bd4c       ??$_Write_aligned@V?$back_insert_iterator@V?$_Fmt_buffer@D@std@@@std@@U?$_Basic_format_specs@D@2@AEAV<lambda_1>@?1???$_Write_integral@DV?$back_insert_iterator@V?$_Fmt_buffer@D@std@@@std@@_K@__p2286@2@YA?AV12@V12@_KU32@V_Lazy_locale@2@@Z@@__p2286@std@@YA?AV?$back_insert_iterator@V?$_Fmt_buffer@D@std@@@1@V21@HAEBU?$_Basic_format_specs@D@1@W4_Fmt_align@1@AEAV<lambda_1>@?1???$_Write_integral@DV?$back_insert_iterator@V?$_Fmt_buffer@D@std@@@std@@_K@01@YA?AV21@0_KU31@V_Lazy_locale@1@@Z@@Z 000000014000cd4c f i entry.obj
 0001:0000be28       ??$_Write_aligned@V?$back_insert_iterator@V?$_Fmt_buffer@D@std@@@std@@U?$_Basic_format_specs@D@2@AEAV<lambda_1>@?1???$_Write_integral@DV?$back_insert_iterator@V?$_Fmt_buffer@D@std@@@std@@H@__p2286@2@YA?AV12@V12@HU32@V_Lazy_locale@2@@Z@@__p2286@std@@YA?AV?$back_insert_iterator@V?$_Fmt_buffer@D@std@@@1@V21@HAEBU?$_Basic_format_specs@D@1@W4_Fmt_align@1@AEAV<lambda_1>@?1???$_Write_integral@DV?$back_insert_iterator@V?$_Fmt_buffer@D@std@@@std@@H@01@YA?AV21@0HU31@V_Lazy_locale@1@@Z@@Z 000000014000ce28 f i entry.obj
 0001:0000bf04       ??$_Write_aligned@V?$back_insert_iterator@V?$_Fmt_buffer@D@std@@@std@@U?$_Basic_format_specs@D@2@AEAV<lambda_1>@?1???$_Write_integral@DV?$back_insert_iterator@V?$_Fmt_buffer@D@std@@@std@@_J@__p2286@2@YA?AV12@V12@_JU32@V_Lazy_locale@2@@Z@@__p2286@std@@YA?AV?$back_insert_iterator@V?$_Fmt_buffer@D@std@@@1@V21@HAEBU?$_Basic_format_specs@D@1@W4_Fmt_align@1@AEAV<lambda_1>@?1???$_Write_integral@DV?$back_insert_iterator@V?$_Fmt_buffer@D@std@@@std@@_J@01@YA?AV21@0_JU31@V_Lazy_locale@1@@Z@@Z 000000014000cf04 f i entry.obj
 0001:0000bfe0       ??$_Write_escaped@DV?$back_insert_iterator@V?$_Fmt_buffer@D@std@@@std@@@__p2286@std@@YA?AV?$back_insert_iterator@V?$_Fmt_buffer@D@std@@@1@V21@V?$basic_string_view@DU?$char_traits@D@std@@@1@D@Z 000000014000cfe0 f i entry.obj
 0001:0000c3b4       ??$_Write_aligned@V?$back_insert_iterator@V?$_Fmt_buffer@D@std@@@std@@U?$_Basic_format_specs@D@2@V<lambda_1>@?1???$_Write_escaped@DV?$back_insert_iterator@V?$_Fmt_buffer@D@std@@@std@@@__p2286@2@YA?AV12@V12@V?$basic_string_view@DU?$char_traits@D@std@@@2@U32@D@Z@@__p2286@std@@YA?AV?$back_insert_iterator@V?$_Fmt_buffer@D@std@@@1@V21@HAEBU?$_Basic_format_specs@D@1@W4_Fmt_align@1@$$QEAV<lambda_1>@?1???$_Write_escaped@DV?$back_insert_iterator@V?$_Fmt_buffer@D@std@@@std@@@01@YA?AV21@0V?$basic_string_view@DU?$char_traits@D@std@@@1@U31@D@Z@@Z 000000014000d3b4 f i entry.obj
 0001:0000c4c4       ??$_Get_dynamic_specs@V_Width_checker@std@@V?$basic_format_arg@V?$basic_format_context@V?$back_insert_iterator@V?$_Fmt_buffer@D@std@@@std@@D@std@@@2@@std@@YAHV?$basic_format_arg@V?$basic_format_context@V?$back_insert_iterator@V?$_Fmt_buffer@D@std@@@std@@D@std@@@0@@Z 000000014000d4c4 f i entry.obj
 0001:0000c5c8       ??$?RD@_Width_checker@std@@QEBA_KD@Z 000000014000d5c8 f i entry.obj
 0001:0000c5c8       ??$?RM@_Width_checker@std@@QEBA_KM@Z 000000014000d5c8 f i entry.obj
 0001:0000c5c8       ??$?RN@_Width_checker@std@@QEBA_KN@Z 000000014000d5c8 f i entry.obj
 0001:0000c5c8       ??$?RO@_Width_checker@std@@QEBA_KO@Z 000000014000d5c8 f i entry.obj
 0001:0000c5c8       ??$?RPEBD@_Width_checker@std@@QEBA_KQEBD@Z 000000014000d5c8 f i entry.obj
 0001:0000c5c8       ??$?RPEBX@_Width_checker@std@@QEBA_KQEBX@Z 000000014000d5c8 f i entry.obj
 0001:0000c5c8       ??$?RUmonostate@std@@@_Width_checker@std@@QEBA_KUmonostate@1@@Z 000000014000d5c8 f i entry.obj
 0001:0000c5c8       ??$?RV?$basic_string_view@DU?$char_traits@D@std@@@std@@@_Width_checker@std@@QEBA_KV?$basic_string_view@DU?$char_traits@D@std@@@1@@Z 000000014000d5c8 f i entry.obj
 0001:0000c5c8       ??$?RVhandle@?$basic_format_arg@V?$basic_format_context@V?$back_insert_iterator@V?$_Fmt_buffer@D@std@@@std@@D@std@@@std@@@_Width_checker@std@@QEBA_KVhandle@?$basic_format_arg@V?$basic_format_context@V?$back_insert_iterator@V?$_Fmt_buffer@D@std@@@std@@D@std@@@1@@Z 000000014000d5c8 f i entry.obj
 0001:0000c5c8       ??$?R_N@_Width_checker@std@@QEBA_K_N@Z 000000014000d5c8 f i entry.obj
 0001:0000c5dc       ??$_Get_dynamic_specs@V_Precision_checker@std@@V?$basic_format_arg@V?$basic_format_context@V?$back_insert_iterator@V?$_Fmt_buffer@D@std@@@std@@D@std@@@2@@std@@YAHV?$basic_format_arg@V?$basic_format_context@V?$back_insert_iterator@V?$_Fmt_buffer@D@std@@@std@@D@std@@@0@@Z 000000014000d5dc f i entry.obj
 0001:0000c6e0       ??$?RD@_Precision_checker@std@@QEBA_KD@Z 000000014000d6e0 f i entry.obj
 0001:0000c6e0       ??$?RM@_Precision_checker@std@@QEBA_KM@Z 000000014000d6e0 f i entry.obj
 0001:0000c6e0       ??$?RN@_Precision_checker@std@@QEBA_KN@Z 000000014000d6e0 f i entry.obj
 0001:0000c6e0       ??$?RO@_Precision_checker@std@@QEBA_KO@Z 000000014000d6e0 f i entry.obj
 0001:0000c6e0       ??$?RPEBD@_Precision_checker@std@@QEBA_KQEBD@Z 000000014000d6e0 f i entry.obj
 0001:0000c6e0       ??$?RPEBX@_Precision_checker@std@@QEBA_KQEBX@Z 000000014000d6e0 f i entry.obj
 0001:0000c6e0       ??$?RUmonostate@std@@@_Precision_checker@std@@QEBA_KUmonostate@1@@Z 000000014000d6e0 f i entry.obj
 0001:0000c6e0       ??$?RV?$basic_string_view@DU?$char_traits@D@std@@@std@@@_Precision_checker@std@@QEBA_KV?$basic_string_view@DU?$char_traits@D@std@@@1@@Z 000000014000d6e0 f i entry.obj
 0001:0000c6e0       ??$?RVhandle@?$basic_format_arg@V?$basic_format_context@V?$back_insert_iterator@V?$_Fmt_buffer@D@std@@@std@@D@std@@@std@@@_Precision_checker@std@@QEBA_KVhandle@?$basic_format_arg@V?$basic_format_context@V?$back_insert_iterator@V?$_Fmt_buffer@D@std@@@std@@D@std@@@1@@Z 000000014000d6e0 f i entry.obj
 0001:0000c6e0       ??$?R_N@_Precision_checker@std@@QEBA_K_N@Z 000000014000d6e0 f i entry.obj
 0001:0000c6f4       __std_fs_convert_narrow_to_wide 000000014000d6f4 f   msvcprt:filesystem.obj
 0001:0000c740       __std_find_trivial_1       000000014000d740 f   msvcprt:vector_algorithms.obj
 0001:0000c808       ?_Facet_Register@std@@YAXPEAV_Facet_base@1@@Z 000000014000d808 f   msvcprt:locale0_implib.obj
 0001:0000c840       _Thrd_sleep_for            000000014000d840 f   msvcprt:sharedmutex.obj
 0001:0000c847       ?_Decref@facet@locale@std@@UEAAPEAV_Facet_base@3@XZ 000000014000d847 f   msvcprt:MSVCP140.dll
 0001:0000c84d       ?_Incref@facet@locale@std@@UEAAXXZ 000000014000d84d f   msvcprt:MSVCP140.dll
 0001:0000c870       __security_check_cookie    000000014000d870 f   MSVCRT:amdsecgs.obj
 0001:0000c890       ??2@YAPEAX_K@Z             000000014000d890 f   MSVCRT:new_scalar.obj
 0001:0000c8cc       ??3@YAXPEAX@Z              000000014000d8cc f   MSVCRT:delete_scalar.obj
 0001:0000c8d4       ??3@YAXPEAX_K@Z            000000014000d8d4 f   MSVCRT:delete_scalar_size.obj
 0001:0000c8dc       ??_Etype_info@@UEAAPEAXI@Z 000000014000d8dc f i MSVCRT:std_type_info_static.obj
 0001:0000c8dc       ??_Gtype_info@@UEAAPEAXI@Z 000000014000d8dc f i MSVCRT:std_type_info_static.obj
 0001:0000cb68       mainCRTStartup             000000014000db68 f   MSVCRT:exe_main.obj
 0001:0000cb7c       __GSHandlerCheck           000000014000db7c f   MSVCRT:gshandler.obj
 0001:0000cb9c       __GSHandlerCheckCommon     000000014000db9c f   MSVCRT:gshandler.obj
 0001:0000cbf8       _guard_check_icall_nop     000000014000dbf8 f i MSVCRT:guard_support.obj
 0001:0000cbf8       _initialize_denormal_control 000000014000dbf8 f i MSVCRT:denormal_control.obj
 0001:0000cbf8       _initialize_invalid_parameter_handler 000000014000dbf8 f i MSVCRT:invalid_parameter_handler.obj
 0001:0000cbfc       __isa_available_init       000000014000dbfc f   MSVCRT:cpu_disp.obj
 0001:0000cec8       __scrt_acquire_startup_lock 000000014000dec8 f   MSVCRT:utility.obj
 0001:0000cf04       __scrt_initialize_crt      000000014000df04 f   MSVCRT:utility.obj
 0001:0000cf40       __scrt_initialize_onexit_tables 000000014000df40 f   MSVCRT:utility.obj
 0001:0000cfcc       __scrt_is_nonwritable_in_current_image 000000014000dfcc f   MSVCRT:utility.obj
 0001:0000d064       __scrt_release_startup_lock 000000014000e064 f   MSVCRT:utility.obj
 0001:0000d088       __scrt_uninitialize_crt    000000014000e088 f   MSVCRT:utility.obj
 0001:0000d0b4       _onexit                    000000014000e0b4 f   MSVCRT:utility.obj
 0001:0000d0f0       atexit                     000000014000e0f0 f   MSVCRT:utility.obj
 0001:0000d108       __raise_securityfailure    000000014000e108 f   MSVCRT:gs_report.obj
 0001:0000d13c       __report_gsfailure         000000014000e13c f   MSVCRT:gs_report.obj
 0001:0000d284       ??0bad_alloc@std@@QEAA@XZ  000000014000e284 f i MSVCRT:throw_bad_alloc.obj
 0001:0000d2a4       ?__scrt_throw_std_bad_alloc@@YAXXZ 000000014000e2a4 f   MSVCRT:throw_bad_alloc.obj
 0001:0000d2c4       __security_init_cookie     000000014000e2c4 f   MSVCRT:gs_support.obj
 0001:0000d370       __scrt_exe_initialize_mta  000000014000e370 f   MSVCRT:utility_desktop.obj
 0001:0000d370       __scrt_initialize_winrt    000000014000e370 f   MSVCRT:utility_desktop.obj
 0001:0000d370       __scrt_stub_for_initialize_mta 000000014000e370 f   MSVCRT:utility_desktop.obj
 0001:0000d370       _get_startup_commit_mode   000000014000e370 f   MSVCRT:commit_mode.obj
 0001:0000d370       _get_startup_new_mode      000000014000e370 f   MSVCRT:new_mode.obj
 0001:0000d370       _get_startup_thread_locale_mode 000000014000e370 f   MSVCRT:thread_locale.obj
 0001:0000d370       _matherr                   000000014000e370 f   MSVCRT:matherr.obj
 0001:0000d374       _get_startup_argv_mode     000000014000e374 f   MSVCRT:argv_mode.obj
 0001:0000d37c       _get_startup_file_mode     000000014000e37c f   MSVCRT:file_mode.obj
 0001:0000d384       ?__scrt_initialize_type_info@@YAXXZ 000000014000e384 f   MSVCRT:tncleanup.obj
 0001:0000d394       __acrt_initialize          000000014000e394 f   MSVCRT:ucrt_stubs.obj
 0001:0000d394       __acrt_uninitialize        000000014000e394 f   MSVCRT:ucrt_stubs.obj
 0001:0000d394       __scrt_stub_for_acrt_initialize 000000014000e394 f   MSVCRT:ucrt_stubs.obj
 0001:0000d394       __scrt_stub_for_acrt_uninitialize 000000014000e394 f   MSVCRT:ucrt_stubs.obj
 0001:0000d394       __vcrt_initialize          000000014000e394 f   MSVCRT:ucrt_stubs.obj
 0001:0000d394       __vcrt_uninitialize        000000014000e394 f   MSVCRT:ucrt_stubs.obj
 0001:0000d394       _should_initialize_environment 000000014000e394 f   MSVCRT:env_mode.obj
 0001:0000d398       __local_stdio_printf_options 000000014000e398 f i MSVCRT:default_local_stdio_options.obj
 0001:0000d3a0       __local_stdio_scanf_options 000000014000e3a0 f i MSVCRT:default_local_stdio_options.obj
 0001:0000d3a8       __scrt_initialize_default_local_stdio_options 000000014000e3a8 f   MSVCRT:default_local_stdio_options.obj
 0001:0000d3c4       __scrt_is_user_matherr_present 000000014000e3c4 f   MSVCRT:matherr_detection.obj
 0001:0000d3d0       __scrt_get_dyn_tls_init_callback 000000014000e3d0 f   MSVCRT:dyn_tls_init.obj
 0001:0000d3d8       __scrt_get_dyn_tls_dtor_callback 000000014000e3d8 f   MSVCRT:dyn_tls_dtor.obj
 0001:0000d3e0       __crt_debugger_hook        000000014000e3e0 f   MSVCRT:utility_desktop.obj
 0001:0000d3e8       __scrt_fastfail            000000014000e3e8 f   MSVCRT:utility_desktop.obj
 0001:0000d530       __scrt_initialize_mta      000000014000e530 f   MSVCRT:utility_desktop.obj
 0001:0000d538       __scrt_is_managed_app      000000014000e538 f   MSVCRT:utility_desktop.obj
 0001:0000d58c       __scrt_set_unhandled_exception_filter 000000014000e58c f   MSVCRT:utility_desktop.obj
 0001:0000d59c       __scrt_unhandled_exception_filter 000000014000e59c f   MSVCRT:utility_desktop.obj
 0001:0000d5f8       _RTC_Initialize            000000014000e5f8 f   MSVCRT:initsect.obj
 0001:0000d634       _RTC_Terminate             000000014000e634 f   MSVCRT:initsect.obj
 0001:0000d670       __scrt_is_ucrt_dll_in_use  000000014000e670 f   MSVCRT:ucrt_detection.obj
 0001:0000d67c       __CxxFrameHandler4         000000014000e67c f   vcruntime:VCRUNTIME140_1.dll
 0001:0000d682       memcpy                     000000014000e682 f   vcruntime:VCRUNTIME140.dll
 0001:0000d688       __C_specific_handler       000000014000e688 f   vcruntime:VCRUNTIME140.dll
 0001:0000d68e       _CxxThrowException         000000014000e68e f   vcruntime:VCRUNTIME140.dll
 0001:0000d694       __current_exception        000000014000e694 f   vcruntime:VCRUNTIME140.dll
 0001:0000d69a       __current_exception_context 000000014000e69a f   vcruntime:VCRUNTIME140.dll
 0001:0000d6a0       memset                     000000014000e6a0 f   vcruntime:VCRUNTIME140.dll
 0001:0000d6a6       free                       000000014000e6a6 f   ucrt:api-ms-win-crt-heap-l1-1-0.dll
 0001:0000d6ac       malloc                     000000014000e6ac f   ucrt:api-ms-win-crt-heap-l1-1-0.dll
 0001:0000d6b2       _callnewh                  000000014000e6b2 f   ucrt:api-ms-win-crt-heap-l1-1-0.dll
 0001:0000d6b8       _seh_filter_exe            000000014000e6b8 f   ucrt:api-ms-win-crt-runtime-l1-1-0.dll
 0001:0000d6be       _set_app_type              000000014000e6be f   ucrt:api-ms-win-crt-runtime-l1-1-0.dll
 0001:0000d6c4       __setusermatherr           000000014000e6c4 f   ucrt:api-ms-win-crt-math-l1-1-0.dll
 0001:0000d6ca       _configure_narrow_argv     000000014000e6ca f   ucrt:api-ms-win-crt-runtime-l1-1-0.dll
 0001:0000d6d0       _initialize_narrow_environment 000000014000e6d0 f   ucrt:api-ms-win-crt-runtime-l1-1-0.dll
 0001:0000d6d6       _get_initial_narrow_environment 000000014000e6d6 f   ucrt:api-ms-win-crt-runtime-l1-1-0.dll
 0001:0000d6dc       _initterm                  000000014000e6dc f   ucrt:api-ms-win-crt-runtime-l1-1-0.dll
 0001:0000d6e2       _initterm_e                000000014000e6e2 f   ucrt:api-ms-win-crt-runtime-l1-1-0.dll
 0001:0000d6e8       exit                       000000014000e6e8 f   ucrt:api-ms-win-crt-runtime-l1-1-0.dll
 0001:0000d6ee       _exit                      000000014000e6ee f   ucrt:api-ms-win-crt-runtime-l1-1-0.dll
 0001:0000d6f4       _set_fmode                 000000014000e6f4 f   ucrt:api-ms-win-crt-stdio-l1-1-0.dll
 0001:0000d6fa       __p___argc                 000000014000e6fa f   ucrt:api-ms-win-crt-runtime-l1-1-0.dll
 0001:0000d700       __p___argv                 000000014000e700 f   ucrt:api-ms-win-crt-runtime-l1-1-0.dll
 0001:0000d706       _cexit                     000000014000e706 f   ucrt:api-ms-win-crt-runtime-l1-1-0.dll
 0001:0000d70c       _c_exit                    000000014000e70c f   ucrt:api-ms-win-crt-runtime-l1-1-0.dll
 0001:0000d712       _register_thread_local_exe_atexit_callback 000000014000e712 f   ucrt:api-ms-win-crt-runtime-l1-1-0.dll
 0001:0000d718       _configthreadlocale        000000014000e718 f   ucrt:api-ms-win-crt-locale-l1-1-0.dll
 0001:0000d71e       _set_new_mode              000000014000e71e f   ucrt:api-ms-win-crt-heap-l1-1-0.dll
 0001:0000d724       __p__commode               000000014000e724 f   ucrt:api-ms-win-crt-stdio-l1-1-0.dll
 0001:0000d72a       _initialize_onexit_table   000000014000e72a f   ucrt:api-ms-win-crt-runtime-l1-1-0.dll
 0001:0000d730       _register_onexit_function  000000014000e730 f   ucrt:api-ms-win-crt-runtime-l1-1-0.dll
 0001:0000d736       _crt_atexit                000000014000e736 f   ucrt:api-ms-win-crt-runtime-l1-1-0.dll
 0001:0000d73c       terminate                  000000014000e73c f   ucrt:api-ms-win-crt-runtime-l1-1-0.dll
 0001:0000d742       memmove                    000000014000e742 f   vcruntime:VCRUNTIME140.dll
 0001:0000d760       _guard_dispatch_icall_nop  000000014000e760 f   MSVCRT:guard_dispatch.obj
 0001:0000d780       _guard_xfg_dispatch_icall_nop 000000014000e780 f   MSVCRT:guard_xfg_dispatch.obj
 0002:00000000       __imp_WriteProcessMemory   000000014000f000     kernel32:KERNEL32.dll
 0002:00000008       __imp_GetConsoleScreenBufferInfo 000000014000f008     kernel32:KERNEL32.dll
 0002:00000010       __imp_SetConsoleTitleA     000000014000f010     kernel32:KERNEL32.dll
 0002:00000018       __imp_SetConsoleScreenBufferSize 000000014000f018     kernel32:KERNEL32.dll
 0002:00000020       __imp_GetStdHandle         000000014000f020     kernel32:KERNEL32.dll
 0002:00000028       __imp_SetConsoleMode       000000014000f028     kernel32:KERNEL32.dll
 0002:00000030       __imp_Module32Next         000000014000f030     kernel32:KERNEL32.dll
 0002:00000038       __imp_Module32First        000000014000f038     kernel32:KERNEL32.dll
 0002:00000040       __imp_OpenProcess          000000014000f040     kernel32:KERNEL32.dll
 0002:00000048       __imp_CreateToolhelp32Snapshot 000000014000f048     kernel32:KERNEL32.dll
 0002:00000050       __imp_GetConsoleMode       000000014000f050     kernel32:KERNEL32.dll
 0002:00000058       __imp_SetConsoleCursorInfo 000000014000f058     kernel32:KERNEL32.dll
 0002:00000060       __imp_CloseHandle          000000014000f060     kernel32:KERNEL32.dll
 0002:00000068       __imp_ReadProcessMemory    000000014000f068     kernel32:KERNEL32.dll
 0002:00000070       __imp_GetConsoleWindow     000000014000f070     kernel32:KERNEL32.dll
 0002:00000078       __imp_AllocConsole         000000014000f078     kernel32:KERNEL32.dll
 0002:00000080       __imp_VirtualQueryEx       000000014000f080     kernel32:KERNEL32.dll
 0002:00000088       __imp_GetModuleHandleW     000000014000f088     kernel32:KERNEL32.dll
 0002:00000090       __imp_GetLastError         000000014000f090     kernel32:KERNEL32.dll
 0002:00000098       __imp_MultiByteToWideChar  000000014000f098     kernel32:KERNEL32.dll
 0002:000000a0       __imp_Sleep                000000014000f0a0     kernel32:KERNEL32.dll
 0002:000000a8       __imp_RtlCaptureContext    000000014000f0a8     kernel32:KERNEL32.dll
 0002:000000b0       __imp_RtlLookupFunctionEntry 000000014000f0b0     kernel32:KERNEL32.dll
 0002:000000b8       __imp_RtlVirtualUnwind     000000014000f0b8     kernel32:KERNEL32.dll
 0002:000000c0       __imp_UnhandledExceptionFilter 000000014000f0c0     kernel32:KERNEL32.dll
 0002:000000c8       __imp_SetUnhandledExceptionFilter 000000014000f0c8     kernel32:KERNEL32.dll
 0002:000000d0       __imp_GetCurrentProcess    000000014000f0d0     kernel32:KERNEL32.dll
 0002:000000d8       __imp_TerminateProcess     000000014000f0d8     kernel32:KERNEL32.dll
 0002:000000e0       __imp_IsProcessorFeaturePresent 000000014000f0e0     kernel32:KERNEL32.dll
 0002:000000e8       __imp_QueryPerformanceCounter 000000014000f0e8     kernel32:KERNEL32.dll
 0002:000000f0       __imp_GetCurrentProcessId  000000014000f0f0     kernel32:KERNEL32.dll
 0002:000000f8       __imp_GetCurrentThreadId   000000014000f0f8     kernel32:KERNEL32.dll
 0002:00000100       __imp_GetSystemTimeAsFileTime 000000014000f100     kernel32:KERNEL32.dll
 0002:00000108       __imp_InitializeSListHead  000000014000f108     kernel32:KERNEL32.dll
 0002:00000110       __imp_IsDebuggerPresent    000000014000f110     kernel32:KERNEL32.dll
 0002:00000118       \177KERNEL32_NULL_THUNK_DATA 000000014000f118     kernel32:KERNEL32.dll
 0002:00000120       __imp_??0_Locinfo@std@@QEAA@PEBD@Z 000000014000f120     msvcprt:MSVCP140.dll
 0002:00000128       __imp_??1_Locinfo@std@@QEAA@XZ 000000014000f128     msvcprt:MSVCP140.dll
 0002:00000130       __imp_??_7_Facet_base@std@@6B@ 000000014000f130     msvcprt:MSVCP140.dll
 0002:00000138       __imp__Query_perf_frequency 000000014000f138     msvcprt:MSVCP140.dll
 0002:00000140       __imp_??1_Lockit@std@@QEAA@XZ 000000014000f140     msvcprt:MSVCP140.dll
 0002:00000148       __imp_?_Getcvt@_Locinfo@std@@QEBA?AU_Cvtvec@@XZ 000000014000f148     msvcprt:MSVCP140.dll
 0002:00000150       __imp_??0_Lockit@std@@QEAA@H@Z 000000014000f150     msvcprt:MSVCP140.dll
 0002:00000158       __imp_?uncaught_exceptions@std@@YAHXZ 000000014000f158     msvcprt:MSVCP140.dll
 0002:00000160       __imp_?cout@std@@3V?$basic_ostream@DU?$char_traits@D@std@@@1@A 000000014000f160     msvcprt:MSVCP140.dll
 0002:00000168       __imp_?_Getgloballocale@locale@std@@CAPEAV_Locimp@12@XZ 000000014000f168     msvcprt:MSVCP140.dll
 0002:00000170       __imp_?_Init@locale@std@@CAPEAV_Locimp@12@_N@Z 000000014000f170     msvcprt:MSVCP140.dll
 0002:00000178       __imp_?cin@std@@3V?$basic_istream@DU?$char_traits@D@std@@@1@A 000000014000f178     msvcprt:MSVCP140.dll
 0002:00000180       __imp_?_Xbad_alloc@std@@YAXXZ 000000014000f180     msvcprt:MSVCP140.dll
 0002:00000188       __imp_?_Xout_of_range@std@@YAXPEBD@Z 000000014000f188     msvcprt:MSVCP140.dll
 0002:00000190       __imp_?id@?$numpunct@D@std@@2V0locale@2@A 000000014000f190     msvcprt:MSVCP140.dll
 0002:00000198       __imp_?_Xlength_error@std@@YAXPEBD@Z 000000014000f198     msvcprt:MSVCP140.dll
 0002:000001a0       __imp_??_7facet@locale@std@@6B@ 000000014000f1a0     msvcprt:MSVCP140.dll
 0002:000001a8       __imp__Query_perf_counter  000000014000f1a8     msvcprt:MSVCP140.dll
 0002:000001b0       __imp_?_Osfx@?$basic_ostream@DU?$char_traits@D@std@@@std@@QEAAXXZ 000000014000f1b0     msvcprt:MSVCP140.dll
 0002:000001b8       __imp_?flush@?$basic_ostream@DU?$char_traits@D@std@@@std@@QEAAAEAV12@XZ 000000014000f1b8     msvcprt:MSVCP140.dll
 0002:000001c0       __imp_?sputn@?$basic_streambuf@DU?$char_traits@D@std@@@std@@QEAA_JPEBD_J@Z 000000014000f1c0     msvcprt:MSVCP140.dll
 0002:000001c8       __imp_?setstate@?$basic_ios@DU?$char_traits@D@std@@@std@@QEAAXH_N@Z 000000014000f1c8     msvcprt:MSVCP140.dll
 0002:000001d0       __imp_?sputc@?$basic_streambuf@DU?$char_traits@D@std@@@std@@QEAAHD@Z 000000014000f1d0     msvcprt:MSVCP140.dll
 0002:000001d8       __imp_?_Getlconv@_Locinfo@std@@QEBAPEBUlconv@@XZ 000000014000f1d8     msvcprt:MSVCP140.dll
 0002:000001e0       __imp_?_Getfalse@_Locinfo@std@@QEBAPEBDXZ 000000014000f1e0     msvcprt:MSVCP140.dll
 0002:000001e8       __imp_?_Gettrue@_Locinfo@std@@QEBAPEBDXZ 000000014000f1e8     msvcprt:MSVCP140.dll
 0002:000001f0       __imp_??Bid@locale@std@@QEAA_KXZ 000000014000f1f0     msvcprt:MSVCP140.dll
 0002:000001f8       __imp_?_Incref@facet@locale@std@@UEAAXXZ 000000014000f1f8     msvcprt:MSVCP140.dll
 0002:00000200       __imp_?_Decref@facet@locale@std@@UEAAPEAV_Facet_base@3@XZ 000000014000f200     msvcprt:MSVCP140.dll
 0002:00000208       __imp_??5?$basic_istream@DU?$char_traits@D@std@@@std@@QEAAAEAV01@AEAH@Z 000000014000f208     msvcprt:MSVCP140.dll
 0002:00000210       \177MSVCP140_NULL_THUNK_DATA 000000014000f210     msvcprt:MSVCP140.dll
 0002:00000218       __imp_GetWindowLongA       000000014000f218     user32:USER32.dll
 0002:00000220       __imp_FindWindowA          000000014000f220     user32:USER32.dll
 0002:00000228       __imp_SetLayeredWindowAttributes 000000014000f228     user32:USER32.dll
 0002:00000230       __imp_GetWindowThreadProcessId 000000014000f230     user32:USER32.dll
 0002:00000238       __imp_SetWindowPos         000000014000f238     user32:USER32.dll
 0002:00000240       __imp_SetWindowLongA       000000014000f240     user32:USER32.dll
 0002:00000248       \177USER32_NULL_THUNK_DATA 000000014000f248     user32:USER32.dll
 0002:00000250       __imp_memmove              000000014000f250     vcruntime:VCRUNTIME140.dll
 0002:00000258       __imp_memset               000000014000f258     vcruntime:VCRUNTIME140.dll
 0002:00000260       __imp___std_exception_destroy 000000014000f260     vcruntime:VCRUNTIME140.dll
 0002:00000268       __imp___std_exception_copy 000000014000f268     vcruntime:VCRUNTIME140.dll
 0002:00000270       __imp___C_specific_handler 000000014000f270     vcruntime:VCRUNTIME140.dll
 0002:00000278       __imp__CxxThrowException   000000014000f278     vcruntime:VCRUNTIME140.dll
 0002:00000280       __imp___current_exception  000000014000f280     vcruntime:VCRUNTIME140.dll
 0002:00000288       __imp___current_exception_context 000000014000f288     vcruntime:VCRUNTIME140.dll
 0002:00000290       __imp_memcpy               000000014000f290     vcruntime:VCRUNTIME140.dll
 0002:00000298       \177VCRUNTIME140_NULL_THUNK_DATA 000000014000f298     vcruntime:VCRUNTIME140.dll
 0002:000002a0       __imp___CxxFrameHandler4   000000014000f2a0     vcruntime:VCRUNTIME140_1.dll
 0002:000002a8       \177VCRUNTIME140_1_NULL_THUNK_DATA 000000014000f2a8     vcruntime:VCRUNTIME140_1.dll
 0002:000002b0       __imp_malloc               000000014000f2b0     ucrt:api-ms-win-crt-heap-l1-1-0.dll
 0002:000002b8       __imp__set_new_mode        000000014000f2b8     ucrt:api-ms-win-crt-heap-l1-1-0.dll
 0002:000002c0       __imp__callnewh            000000014000f2c0     ucrt:api-ms-win-crt-heap-l1-1-0.dll
 0002:000002c8       __imp_calloc               000000014000f2c8     ucrt:api-ms-win-crt-heap-l1-1-0.dll
 0002:000002d0       __imp_free                 000000014000f2d0     ucrt:api-ms-win-crt-heap-l1-1-0.dll
 0002:000002d8       \177api-ms-win-crt-heap-l1-1-0_NULL_THUNK_DATA 000000014000f2d8     ucrt:api-ms-win-crt-heap-l1-1-0.dll
 0002:000002e0       __imp__configthreadlocale  000000014000f2e0     ucrt:api-ms-win-crt-locale-l1-1-0.dll
 0002:000002e8       \177api-ms-win-crt-locale-l1-1-0_NULL_THUNK_DATA 000000014000f2e8     ucrt:api-ms-win-crt-locale-l1-1-0.dll
 0002:000002f0       __imp__dsign               000000014000f2f0     ucrt:api-ms-win-crt-math-l1-1-0.dll
 0002:000002f8       __imp___setusermatherr     000000014000f2f8     ucrt:api-ms-win-crt-math-l1-1-0.dll
 0002:00000300       __imp__fdsign              000000014000f300     ucrt:api-ms-win-crt-math-l1-1-0.dll
 0002:00000308       __imp__ldsign              000000014000f308     ucrt:api-ms-win-crt-math-l1-1-0.dll
 0002:00000310       \177api-ms-win-crt-math-l1-1-0_NULL_THUNK_DATA 000000014000f310     ucrt:api-ms-win-crt-math-l1-1-0.dll
 0002:00000318       __imp___p___argc           000000014000f318     ucrt:api-ms-win-crt-runtime-l1-1-0.dll
 0002:00000320       __imp_terminate            000000014000f320     ucrt:api-ms-win-crt-runtime-l1-1-0.dll
 0002:00000328       __imp__crt_atexit          000000014000f328     ucrt:api-ms-win-crt-runtime-l1-1-0.dll
 0002:00000330       __imp__register_onexit_function 000000014000f330     ucrt:api-ms-win-crt-runtime-l1-1-0.dll
 0002:00000338       __imp__initialize_onexit_table 000000014000f338     ucrt:api-ms-win-crt-runtime-l1-1-0.dll
 0002:00000340       __imp__seh_filter_exe      000000014000f340     ucrt:api-ms-win-crt-runtime-l1-1-0.dll
 0002:00000348       __imp__register_thread_local_exe_atexit_callback 000000014000f348     ucrt:api-ms-win-crt-runtime-l1-1-0.dll
 0002:00000350       __imp__c_exit              000000014000f350     ucrt:api-ms-win-crt-runtime-l1-1-0.dll
 0002:00000358       __imp__cexit               000000014000f358     ucrt:api-ms-win-crt-runtime-l1-1-0.dll
 0002:00000360       __imp___p___argv           000000014000f360     ucrt:api-ms-win-crt-runtime-l1-1-0.dll
 0002:00000368       __imp__invalid_parameter_noinfo_noreturn 000000014000f368     ucrt:api-ms-win-crt-runtime-l1-1-0.dll
 0002:00000370       __imp__set_app_type        000000014000f370     ucrt:api-ms-win-crt-runtime-l1-1-0.dll
 0002:00000378       __imp__exit                000000014000f378     ucrt:api-ms-win-crt-runtime-l1-1-0.dll
 0002:00000380       __imp_exit                 000000014000f380     ucrt:api-ms-win-crt-runtime-l1-1-0.dll
 0002:00000388       __imp__initterm_e          000000014000f388     ucrt:api-ms-win-crt-runtime-l1-1-0.dll
 0002:00000390       __imp__initterm            000000014000f390     ucrt:api-ms-win-crt-runtime-l1-1-0.dll
 0002:00000398       __imp__get_initial_narrow_environment 000000014000f398     ucrt:api-ms-win-crt-runtime-l1-1-0.dll
 0002:000003a0       __imp__initialize_narrow_environment 000000014000f3a0     ucrt:api-ms-win-crt-runtime-l1-1-0.dll
 0002:000003a8       __imp__configure_narrow_argv 000000014000f3a8     ucrt:api-ms-win-crt-runtime-l1-1-0.dll
 0002:000003b0       \177api-ms-win-crt-runtime-l1-1-0_NULL_THUNK_DATA 000000014000f3b0     ucrt:api-ms-win-crt-runtime-l1-1-0.dll
 0002:000003b8       __imp___p__commode         000000014000f3b8     ucrt:api-ms-win-crt-stdio-l1-1-0.dll
 0002:000003c0       __imp_freopen_s            000000014000f3c0     ucrt:api-ms-win-crt-stdio-l1-1-0.dll
 0002:000003c8       __imp___acrt_iob_func      000000014000f3c8     ucrt:api-ms-win-crt-stdio-l1-1-0.dll
 0002:000003d0       __imp__set_fmode           000000014000f3d0     ucrt:api-ms-win-crt-stdio-l1-1-0.dll
 0002:000003d8       \177api-ms-win-crt-stdio-l1-1-0_NULL_THUNK_DATA 000000014000f3d8     ucrt:api-ms-win-crt-stdio-l1-1-0.dll
 0002:000003e0       __guard_check_icall_fptr   000000014000f3e0     MSVCRT:guard_support.obj
 0002:000003e8       __guard_xfg_check_icall_fptr 000000014000f3e8     MSVCRT:guard_support.obj
 0002:000003f0       __guard_dispatch_icall_fptr 000000014000f3f0     MSVCRT:guard_support.obj
 0002:000003f8       __guard_xfg_dispatch_icall_fptr 000000014000f3f8     MSVCRT:guard_support.obj
 0002:00000400       __guard_xfg_table_dispatch_icall_fptr 000000014000f400     MSVCRT:guard_support.obj
 0002:00000408       __castguard_check_failure_os_handled_fptr 000000014000f408     MSVCRT:guard_support.obj
 0002:00000410       __guard_memcpy_fptr        000000014000f410     vcruntime:softmemtag.obj
 0002:00000418       __xc_a                     000000014000f418     MSVCRT:initializers.obj
 0002:00000438       __xc_z                     000000014000f438     MSVCRT:initializers.obj
 0002:00000440       __xi_a                     000000014000f440     MSVCRT:initializers.obj
 0002:00000458       __xi_z                     000000014000f458     MSVCRT:initializers.obj
 0002:00000460       __xp_a                     000000014000f460     MSVCRT:initializers.obj
 0002:00000468       __xp_z                     000000014000f468     MSVCRT:initializers.obj
 0002:00000470       __xt_a                     000000014000f470     MSVCRT:initializers.obj
 0002:00000478       __xt_z                     000000014000f478     MSVCRT:initializers.obj
 0002:00000480       ?__DOUBLE_POW5_INV_SPLIT@std@@3QAY01$$CB_KA 000000014000f480     msvcprt:xcharconv_ryu_tables.obj
 0002:000016c0       ?__DOUBLE_POW5_SPLIT@std@@3QAY01$$CB_KA 00000001400106c0     msvcprt:xcharconv_ryu_tables.obj
 0002:00002b20       ?__POW10_SPLIT@std@@3QAY02$$CB_KA 0000000140011b20     msvcprt:xcharconv_ryu_tables.obj
 0002:00009de0       ?__POW10_SPLIT_2@std@@3QAY02$$CB_KA 0000000140018de0     msvcprt:xcharconv_ryu_tables.obj
 0002:0001c3a0       ?_Special_X_table@?$_General_precision_tables_2@N@std@@2QB_KB 000000014002b3a0     msvcprt:xcharconv_tables_double.obj
 0002:0001c9c0       ?_Ordinary_X_table@?$_General_precision_tables_2@N@std@@2QB_KB 000000014002b9c0     msvcprt:xcharconv_tables_double.obj
 0002:0001d390       ?_Special_X_table@?$_General_precision_tables_2@M@std@@2QBIB 000000014002c390     msvcprt:xcharconv_tables_float.obj
 0002:0001d490       ?_Ordinary_X_table@?$_General_precision_tables_2@M@std@@2QBIB 000000014002c490     msvcprt:xcharconv_tables_float.obj
 0002:0001d548       ??_7type_info@@6B@         000000014002c548     MSVCRT:std_type_info_static.obj
 0002:0001d568       ??_7exception@std@@6B@     000000014002c568     MSVCRT:throw_bad_alloc.obj
 0002:0001d580       ??_7bad_alloc@std@@6B@     000000014002c580     MSVCRT:throw_bad_alloc.obj
 0002:0001d590       ??_C@_0P@GHFPNOJB@bad?5allocation@ 000000014002c590     MSVCRT:throw_bad_alloc.obj
 0002:0001d5a8       ??_7bad_array_new_length@std@@6B@ 000000014002c5a8     MSVCRT:throw_bad_alloc.obj
 0002:0001d5b8       ??_C@_0BC@EOODALEL@Unknown?5exception@ 000000014002c5b8     entry.obj
 0002:0001d5d0       ??_C@_0BF@KINCDENJ@bad?5array?5new?5length@ 000000014002c5d0     entry.obj
 0002:0001d5e8       ??_C@_0BA@JFNIOLAK@string?5too?5long@ 000000014002c5e8     entry.obj
 0002:0001d5f8       ??_C@_08EPJLHIJG@bad?5cast@ 000000014002c5f8     entry.obj
 0002:0001d604       ??_C@_05LAPONLG@false@     000000014002c604     entry.obj
 0002:0001d60c       ??_C@_04LOAJBDKD@true@     000000014002c60c     entry.obj
 0002:0001d611       ??_C@_00CNPNBAHC@@         000000014002c611     entry.obj
 0002:0001d614       ??_C@_01KDCPPGHE@r@        000000014002c614     entry.obj
 0002:0001d618       ??_C@_06GDENEHCP@CONIN$@   000000014002c618     entry.obj
 0002:0001d620       ??_C@_01NOFIACDB@w@        000000014002c620     entry.obj
 0002:0001d628       ??_C@_07GPDNMNG@CONOUT$@   000000014002c628     entry.obj
 0002:0001d630       ??_C@_01EEMJAFIK@?6@       000000014002c630     entry.obj
 0002:0001d634       ??_C@_04MGNJNGKI@?$BL?$FL0m@ 000000014002c634     entry.obj
 0002:0001d640       ??_C@_08HNFMBMJJ@?$BL?$FL1m?$BL?$FL4m@ 000000014002c640     entry.obj
 0002:0001d64c       ??_C@_01GPOEFGEJ@?7@       000000014002c64c     entry.obj
 0002:0001d650       ??_C@_02PHMGELLB@?6?6@     000000014002c650     entry.obj
 0002:0001d658       ??_C@_0CA@EOADLFNL@Unmatched?5?8?$HN?8?5in?5format?5string?4@ 000000014002c658     entry.obj
 0002:0001d678       ??_C@_0BH@MCHHCMKF@Invalid?5format?5string?4@ 000000014002c678     entry.obj
 0002:0001d690       ??_C@_0BK@NMCHMIGI@Unknown?5format?5specifier?4@ 000000014002c690     entry.obj
 0002:0001d6b0       ??_C@_0BO@FFAGMLDI@Missing?5?8?$HN?8?5in?5format?5string?4@ 000000014002c6b0     entry.obj
 0002:0001d6d0       ??_C@_0DB@GIGELLBG@Can?5not?5switch?5from?5manual?5to?5a@ 000000014002c6d0     entry.obj
 0002:0001d708       ??_C@_0BB@DIHBAIHC@?$BL?$FL38?$DL2?$DL?$HL?$HN?$DL?$HL?$HN?$DL?$HL?$HNm@ 000000014002c708     entry.obj
 0002:0001d720       ??_C@_0DH@FCFFPEBI@FiveM?5sv_pureLevel?5changer?5?9?5te@ 000000014002c720     entry.obj
 0002:0001d758       ??_C@_06PCOCLNFP@conin$@   000000014002c758     entry.obj
 0002:0001d760       ??_C@_07GOCKEEPA@conout$@  000000014002c760     entry.obj
 0002:0001d768       ??_C@_0BD@GDBBEBJB@Awaiting?5FiveM?4?4?4?4@ 000000014002c768     entry.obj
 0002:0001d780       ??_C@_09NHEFIHHE@grcWindow@ 000000014002c780     entry.obj
 0002:0001d790       ??_C@_0CJ@GHNFGHBI@Fatal?5error?5?9?5Couldn?8t?5obtain?5p@ 000000014002c790     entry.obj
 0002:0001d7c0       ??_C@_0N@JHKECNNA@FiveM?5found?$CB@ 000000014002c7c0     entry.obj
 0002:0001d7d0       ??_C@_0CN@BBPIFEJN@Fatal?5error?5?9?5Couldn?8t?5obtain?5m@ 000000014002c7d0     entry.obj
 0002:0001d800       ??_C@_0CE@PGFABPAG@Fatal?5error?5?9?5Couldn?8t?5open?5pro@ 000000014002c800     entry.obj
 0002:0001d828       ??_C@_0CN@GDGHAPNI@Fatal?5error?5?9?5Couldn?8t?5obtain?5m@ 000000014002c828     entry.obj
 0002:0001d858       ??_C@_0BG@LCPLJCLD@Memory?5address?5found?$CB@ 000000014002c858     entry.obj
 0002:0001d870       ??_C@_0CM@EMJIEEPD@Enter?5the?5pure?5level?5you?5wish?5t@ 000000014002c870     entry.obj
 0002:0001d8a0       ??_C@_0BB@OODAIAMF@Patching?5memory?$CB@ 000000014002c8a0     entry.obj
 0002:0001d8b8       ??_C@_0CE@EDNNBMOB@Fatal?5error?5?9?5Couldn?8t?5patch?5me@ 000000014002c8b8     entry.obj
 0002:0001d8e0       ??_C@_0BG@HAEIGNJK@sv_pureLevel?5patched?$CB@ 000000014002c8e0     entry.obj
 0002:0001d8f8       ??_C@_0DH@FFGBOAOP@Format?5specifier?5requires?5numer@ 000000014002c8f8     entry.obj
 0002:0001d930       ??_C@_0CM@EFKJINMJ@Format?5specifier?5requires?5numer@ 000000014002c930     entry.obj
 0002:0001d960       ??_C@_0BI@CFPLBAOH@invalid?5string?5position@ 000000014002c960     entry.obj
 0002:0001d978       ??_C@_03OJHLLCGB@inf@      000000014002c978     entry.obj
 0002:0001d980       ??_C@_08OFCDMILK@nan?$CIind?$CJ@ 000000014002c980     entry.obj
 0002:0001d98c       ??_C@_03LHCJEHON@nan@      000000014002c98c     entry.obj
 0002:0001d990       ??_C@_09IPFBKMDL@nan?$CIsnan?$CJ@ 000000014002c990     entry.obj
 0002:0001d9a0       ??_C@_0BM@ONFDPAFF@Invalid?5type?5specification?4@ 000000014002c9a0     entry.obj
 0002:0001d9c0       ??_C@_0CE@OLPMMFCN@Invalid?5presentation?5type?5speci@ 000000014002c9c0     entry.obj
 0002:0001d9e8       ??_C@_0CD@PLBGEFIO@Invalid?5presentation?5type?5for?5b@ 000000014002c9e8     entry.obj
 0002:0001da10       ??_C@_0CD@IFHOEGFC@Invalid?5presentation?5type?5for?5c@ 000000014002ca10     entry.obj
 0002:0001da38       ??_C@_0CG@PIIJGCKO@Invalid?5presentation?5type?5for?5i@ 000000014002ca38     entry.obj
 0002:0001da60       ??_C@_0CN@EEOMCCM@Invalid?5presentation?5type?5for?5f@ 000000014002ca60     entry.obj
 0002:0001da90       ??_C@_0CF@MMFFCGKF@Invalid?5presentation?5type?5for?5s@ 000000014002ca90     entry.obj
 0002:0001dab8       ??_C@_0CG@LHDOJLDP@Invalid?5presentation?5type?5for?5p@ 000000014002cab8     entry.obj
 0002:0001dae0       ??_C@_0DM@LDJDLGDF@Hash?1sign?5modifier?5requires?5an?5@ 000000014002cae0     entry.obj
 0002:0001db20       ??_C@_0EC@JCIMBFLB@Zero?5modifier?5requires?5an?5arith@ 000000014002cb20     entry.obj
 0002:0001db68       ??_C@_0BL@KNEDAEPA@invalid?5fill?5character?5?8?$HL?8@ 000000014002cb68     entry.obj
 0002:0001db88       ??_C@_0BN@CAABEHAA@Missing?5precision?5specifier?4@ 000000014002cb88     entry.obj
 0002:0001dba8       ??_C@_02GBLMOEJC@?5?$FL@   000000014002cba8     entry.obj
 0002:0001dbac       ??_C@_02PBFOLPKM@?$FN?5@   000000014002cbac     entry.obj
 0002:0001dbb0       ??_C@_0BJ@FNNNKMGD@Invalid?5fill?5?$CItoo?5long?$CJ?4@ 000000014002cbb0     entry.obj
 0002:0001dbd0       ??_C@_0CO@ILLNLEBH@Precision?5not?5allowed?5for?5this?5@ 000000014002cbd0     entry.obj
 0002:0001dc00       ??_C@_0DB@FGJJGOLD@Can?5not?5switch?5from?5automatic?5t@ 000000014002cc00     entry.obj
 0002:0001dc38       ??_C@_0BC@JOAOKPFE@Number?5is?5too?5big@ 000000014002cc38     entry.obj
 0002:0001dc4c       ??_C@_04EKFPMANA@?5ok?5@   000000014002cc4c     entry.obj
 0002:0001dc54       ??_C@_04BBDFLMDN@?5?9?$DO?5@ 000000014002cc54     entry.obj
 0002:0001dc5c       ??_C@_04HOAEOEEI@?$DM?9?9?$DO@ 000000014002cc5c     entry.obj
 0002:0001dc64       ??_C@_04CCHLMOGN@fail@     000000014002cc64     entry.obj
 0002:0001dc70       ??_C@_0BA@FOIKENOD@vector?5too?5long@ 000000014002cc70     entry.obj
 0002:0001dc80       ??_C@_05JHILFKJA@0e?$CL00@ 000000014002cc80     entry.obj
 0002:0001dc88       ??_C@_0BE@JHBJMIJI@Argument?5not?5found?4@ 000000014002cc88     entry.obj
 0002:0001dca0       ??_C@_0BI@KLAHEKGE@String?5pointer?5is?5null?4@ 000000014002cca0     entry.obj
 0002:0001dcb8       ??_C@_0CC@OGKFJOLL@integral?5cannot?5be?5stored?5in?5ch@ 000000014002ccb8     entry.obj
 0002:0001dcdc       ??_C@_02HDBOMKFI@0b@       000000014002ccdc     entry.obj
 0002:0001dce0       ??_C@_02OGJKOOPK@0B@       000000014002cce0     entry.obj
 0002:0001dce4       ??_C@_02MDDDDAID@0x@       000000014002cce4     entry.obj
 0002:0001dce8       ??_C@_02FGLHBECB@0X@       000000014002cce8     entry.obj
 0002:0001dcec       ??_C@_01GBGANLPD@0@        000000014002ccec     entry.obj
 0002:0001dcf0       ??_C@_02COELENML@?2t@      000000014002ccf0     entry.obj
 0002:0001dcf4       ??_C@_02JOGGLHBA@?2n@      000000014002ccf4     entry.obj
 0002:0001dcf8       ??_C@_02HIBBOKEN@?2r@      000000014002ccf8     entry.obj
 0002:0001dcfc       ??_C@_02HDBGODGB@?2?2@     000000014002ccfc     entry.obj
 0002:0001dd00       ??_C@_03MBJBJKHP@?2u?$HL@  000000014002cd00     entry.obj
 0002:0001dd04       ??_C@_03MJEJAJCM@?2x?$HL@  000000014002cd04     entry.obj
 0002:0001dd08       ??_C@_0BD@GHJPJCGO@Number?5is?5too?5big?4@ 000000014002cd08     entry.obj
 0002:0001dd20       ??_C@_0BJ@FLMOJPKL@Width?5is?5not?5an?5integer?4@ 000000014002cd20     entry.obj
 0002:0001dd40       ??_C@_0BA@INGMONDA@Negative?5width?4@ 000000014002cd40     entry.obj
 0002:0001dd50       ??_C@_0BN@DNNEEKIC@Precision?5is?5not?5an?5integer?4@ 000000014002cd50     entry.obj
 0002:0001dd70       ??_C@_0BE@DEGOCOHL@Negative?5precision?4@ 000000014002cd70     entry.obj
 0002:0001dd88       ?_Adjustment@?CB@???$__to_chars@D@std@@YA?AU?$pair@PEADW4errc@std@@@1@QEAD0U__floating_decimal_32@1@W4chars_format@1@II@Z@4QBEB 000000014002cd88     entry.obj
 0002:0001ddb8       ??_7?$numpunct@D@std@@6B@  000000014002cdb8     entry.obj
 0002:0001de00       ??_7format_error@std@@6B@  000000014002ce00     entry.obj
 0002:0001de10       ?_Adjustment@?CB@???$__to_chars@D@std@@YA?AU?$pair@PEADW4errc@std@@@1@QEAD0U__floating_decimal_64@1@W4chars_format@1@N@Z@4QBEB 000000014002ce10     entry.obj
 0002:0001df50       ??_7bad_cast@std@@6B@      000000014002cf50     entry.obj
 0002:0001df68       ??_7?$_Fmt_iterator_buffer@V?$back_insert_iterator@V?$basic_string@DU?$char_traits@D@std@@V?$allocator@D@2@@std@@@std@@DU_Fmt_buffer_traits@2@@std@@6B@ 000000014002cf68     entry.obj
 0002:0001df78       ??_7runtime_error@std@@6B@ 000000014002cf78     entry.obj
 0002:0001df90       ?_Max_shifted_mantissa@?DC@???$__to_chars@D@std@@YA?AU?$pair@PEADW4errc@std@@@1@QEAD0U__floating_decimal_64@1@W4chars_format@1@N@Z@4QB_KB 000000014002cf90     entry.obj
 0002:0001e048       ?_Max_shifted_mantissa@?DC@???$__to_chars@D@std@@YA?AU?$pair@PEADW4errc@std@@@1@QEAD0U__floating_decimal_32@1@W4chars_format@1@II@Z@4QBIB 000000014002d048     entry.obj
 0002:0001e080       ?__POW10_OFFSET@std@@3QBGB 000000014002d080     entry.obj
 0002:0001e100       ?__POW10_OFFSET_2@std@@3QBGB 000000014002d100     entry.obj
 0002:0001e190       ??$__DIGIT_TABLE@D@std@@3QBDB 000000014002d190     entry.obj
 0002:0001e260       ?__FLOAT_POW5_INV_SPLIT@std@@3QB_KB 000000014002d260     entry.obj
 0002:0001e360       ?_Grapheme_Break_property_data@std@@3U?$_Unicode_property_data@W4_Grapheme_Break_property_values@std@@$0FFL@$0A@@1@B 000000014002d360     entry.obj
 0002:00020390       ?__MIN_BLOCK_2@std@@3QBEB  000000014002f390     entry.obj
 0002:000203d8       ?_Charconv_digits@std@@3QBDB 000000014002f3d8     entry.obj
 0002:00020400       ?__FLOAT_POW5_SPLIT@std@@3QB_KB 000000014002f400     entry.obj
 0002:00020580       ?_Width_estimate_intervals_v2@std@@3QB_UB 000000014002f580     entry.obj
 0002:000208b0       ?_Grapheme_Extend_property_data@std@@3U?$_Unicode_property_data@W4_Grapheme_Extend_property_values@std@@$0BGL@$00@1@B 000000014002f8b0     entry.obj
 0002:00021140       ?__printable_property_data@std@@3U?$_Unicode_property_data@W4__printable_property_values@std@@$0CMH@$00@1@B 0000000140030140     entry.obj
 0002:000221f0       ?_Extended_Pictographic_property_data@std@@3U?$_Unicode_property_data@W4_Extended_Pictographic_property_values@std@@$0EO@$00@1@B 00000001400311f0     entry.obj
 0002:000223c4       __real@00000000            00000001400313c4     entry.obj
 0002:000223c8       __real@0000000000000000    00000001400313c8     entry.obj
 0002:000223d0       __real@3f800000            00000001400313d0     entry.obj
 0002:000223d8       __real@3ff0000000000000    00000001400313d8     entry.obj
 0002:000223e0       __xmm@000000000000000f0000000000000000 00000001400313e0     entry.obj
 0002:000223f0       __xmm@7fffffff7fffffff7fffffff7fffffff 00000001400313f0     entry.obj
 0002:00022400       __xmm@7fffffffffffffff7fffffffffffffff 0000000140031400     entry.obj
 0002:00022410       __xmm@ffffffffffffffffffffffffffffffff 0000000140031410     entry.obj
 0002:00022420       _load_config_used          0000000140031420     MSVCRT:loadcfg.obj
 0002:00022600       ??_R4type_info@@6B@        0000000140031600     MSVCRT:std_type_info_static.obj
 0002:00022628       ??_R3type_info@@8          0000000140031628     MSVCRT:std_type_info_static.obj
 0002:00022640       ??_R2type_info@@8          0000000140031640     MSVCRT:std_type_info_static.obj
 0002:00022650       ??_R1A@?0A@EA@type_info@@8 0000000140031650     MSVCRT:std_type_info_static.obj
 0002:00022678       ??_R4?$_Fmt_iterator_buffer@V?$back_insert_iterator@V?$basic_string@DU?$char_traits@D@std@@V?$allocator@D@2@@std@@@std@@DU_Fmt_buffer_traits@2@@std@@6B@ 0000000140031678     entry.obj
 0002:000226a0       ??_R4exception@std@@6B@    00000001400316a0     entry.obj
 0002:000226c8       ??_R2bad_array_new_length@std@@8 00000001400316c8     entry.obj
 0002:000226e8       ??_R3_Fmt_buffer_traits@std@@8 00000001400316e8     entry.obj
 0002:00022700       ??_R4runtime_error@std@@6B@ 0000000140031700     entry.obj
 0002:00022728       ??_R3_Facet_base@std@@8    0000000140031728     entry.obj
 0002:00022740       ??_R1A@?0A@EA@bad_cast@std@@8 0000000140031740     entry.obj
 0002:00022768       ??_R2bad_alloc@std@@8      0000000140031768     entry.obj
 0002:00022780       ??_R4format_error@std@@6B@ 0000000140031780     entry.obj
 0002:000227a8       ??_R3_Crt_new_delete@std@@8 00000001400317a8     entry.obj
 0002:000227c0       ??_R1A@?0A@EA@runtime_error@std@@8 00000001400317c0     entry.obj
 0002:000227e8       ??_R1A@?0A@EA@exception@std@@8 00000001400317e8     entry.obj
 0002:00022810       ??_R1A@?0A@EA@_Facet_base@std@@8 0000000140031810     entry.obj
 0002:00022838       ??_R1A@?0A@EA@bad_alloc@std@@8 0000000140031838     entry.obj
 0002:00022860       ??_R1A@?0A@EA@?$_Fmt_buffer@D@std@@8 0000000140031860     entry.obj
 0002:00022888       ??_R17?0A@EA@_Crt_new_delete@std@@8 0000000140031888     entry.obj
 0002:000228b0       ??_R2bad_cast@std@@8       00000001400318b0     entry.obj
 0002:000228c8       ??_R2exception@std@@8      00000001400318c8     entry.obj
 0002:000228d8       ??_R3format_error@std@@8   00000001400318d8     entry.obj
 0002:000228f0       ??_R1A@?0A@EA@facet@locale@std@@8 00000001400318f0     entry.obj
 0002:00022918       ??_R3?$_Fmt_iterator_buffer@V?$back_insert_iterator@V?$basic_string@DU?$char_traits@D@std@@V?$allocator@D@2@@std@@@std@@DU_Fmt_buffer_traits@2@@std@@8 0000000140031918     entry.obj
 0002:00022930       ??_R1A@?0A@EA@?$_Fmt_iterator_buffer@V?$back_insert_iterator@V?$basic_string@DU?$char_traits@D@std@@V?$allocator@D@2@@std@@@std@@DU_Fmt_buffer_traits@2@@std@@8 0000000140031930     entry.obj
 0002:00022958       ??_R3exception@std@@8      0000000140031958     entry.obj
 0002:00022970       ??_R2?$numpunct@D@std@@8   0000000140031970     entry.obj
 0002:00022998       ??_R3facet@locale@std@@8   0000000140031998     entry.obj
 0002:000229b0       ??_R3bad_cast@std@@8       00000001400319b0     entry.obj
 0002:000229c8       ??_R4bad_alloc@std@@6B@    00000001400319c8     entry.obj
 0002:000229f0       ??_R4bad_cast@std@@6B@     00000001400319f0     entry.obj
 0002:00022a18       ??_R1A@?0A@EA@_Crt_new_delete@std@@8 0000000140031a18     entry.obj
 0002:00022a40       ??_R3bad_array_new_length@std@@8 0000000140031a40     entry.obj
 0002:00022a58       ??_R3bad_alloc@std@@8      0000000140031a58     entry.obj
 0002:00022a70       ??_R2?$_Fmt_iterator_buffer@V?$back_insert_iterator@V?$basic_string@DU?$char_traits@D@std@@V?$allocator@D@2@@std@@@std@@DU_Fmt_buffer_traits@2@@std@@8 0000000140031a70     entry.obj
 0002:00022a90       ??_R1A@?0A@EA@format_error@std@@8 0000000140031a90     entry.obj
 0002:00022ab8       ??_R3?$numpunct@D@std@@8   0000000140031ab8     entry.obj
 0002:00022ad0       ??_R3?$_Fmt_buffer@D@std@@8 0000000140031ad0     entry.obj
 0002:00022ae8       ??_R4?$numpunct@D@std@@6B@ 0000000140031ae8     entry.obj
 0002:00022b10       ??_R2runtime_error@std@@8  0000000140031b10     entry.obj
 0002:00022b28       ??_R4bad_array_new_length@std@@6B@ 0000000140031b28     entry.obj
 0002:00022b50       ??_R1CA@?0A@EA@_Fmt_buffer_traits@std@@8 0000000140031b50     entry.obj
 0002:00022b78       ??_R1A@?0A@EA@?$numpunct@D@std@@8 0000000140031b78     entry.obj
 0002:00022ba0       ??_R2_Crt_new_delete@std@@8 0000000140031ba0     entry.obj
 0002:00022bb0       ??_R2format_error@std@@8   0000000140031bb0     entry.obj
 0002:00022bd0       ??_R1A@?0A@EA@bad_array_new_length@std@@8 0000000140031bd0     entry.obj
 0002:00022bf8       ??_R1A@?0A@EA@_Fmt_buffer_traits@std@@8 0000000140031bf8     entry.obj
 0002:00022c20       ??_R2_Facet_base@std@@8    0000000140031c20     entry.obj
 0002:00022c30       ??_R2facet@locale@std@@8   0000000140031c30     entry.obj
 0002:00022c50       ??_R2?$_Fmt_buffer@D@std@@8 0000000140031c50     entry.obj
 0002:00022c60       ??_R3runtime_error@std@@8  0000000140031c60     entry.obj
 0002:00022c78       ??_R2_Fmt_buffer_traits@std@@8 0000000140031c78     entry.obj
 0002:00022c84       __volatile_metadata        0000000140031c84     <linker-defined>
 0002:00023090       __rtc_iaa                  0000000140032090     MSVCRT:initsect.obj
 0002:00023098       __rtc_izz                  0000000140032098     MSVCRT:initsect.obj
 0002:000230a0       __rtc_taa                  00000001400320a0     MSVCRT:initsect.obj
 0002:000230a8       __rtc_tzz                  00000001400320a8     MSVCRT:initsect.obj
 0002:000237a8       _TI2?AVbad_alloc@std@@     00000001400327a8     MSVCRT:throw_bad_alloc.obj
 0002:000237c8       _CTA2?AVbad_alloc@std@@    00000001400327c8     MSVCRT:throw_bad_alloc.obj
 0002:000237e0       _CTA3?AVbad_array_new_length@std@@ 00000001400327e0     entry.obj
 0002:00023800       _CTA2?AVbad_cast@std@@     0000000140032800     entry.obj
 0002:00023818       _CT??_R0?AVformat_error@std@@@8??0format_error@std@@QEAA@AEBV01@@Z24 0000000140032818     entry.obj
 0002:00023840       _TI2?AVbad_cast@std@@      0000000140032840     entry.obj
 0002:00023860       _CT??_R0?AVbad_array_new_length@std@@@8??0bad_array_new_length@std@@QEAA@AEBV01@@Z24 0000000140032860     entry.obj
 0002:00023888       _CT??_R0?AVruntime_error@std@@@8??0runtime_error@std@@QEAA@AEBV01@@Z24 0000000140032888     entry.obj
 0002:000238b0       _CT??_R0?AVbad_cast@std@@@8??0bad_cast@std@@QEAA@AEBV01@@Z24 00000001400328b0     entry.obj
 0002:000238d8       _CT??_R0?AVbad_alloc@std@@@8??0bad_alloc@std@@QEAA@AEBV01@@Z24 00000001400328d8     entry.obj
 0002:00023900       _TI3?AVformat_error@std@@  0000000140032900     entry.obj
 0002:00023920       _CT??_R0?AVexception@std@@@8??0exception@std@@QEAA@AEBV01@@Z24 0000000140032920     entry.obj
 0002:00023948       _TI3?AVbad_array_new_length@std@@ 0000000140032948     entry.obj
 0002:00023968       _CTA3?AVformat_error@std@@ 0000000140032968     entry.obj
 0002:00023984       __IMPORT_DESCRIPTOR_KERNEL32 0000000140032984     kernel32:KERNEL32.dll
 0002:00023998       __IMPORT_DESCRIPTOR_USER32 0000000140032998     user32:USER32.dll
 0002:000239ac       __IMPORT_DESCRIPTOR_MSVCP140 00000001400329ac     msvcprt:MSVCP140.dll
 0002:000239c0       __IMPORT_DESCRIPTOR_VCRUNTIME140 00000001400329c0     vcruntime:VCRUNTIME140.dll
 0002:000239d4       __IMPORT_DESCRIPTOR_VCRUNTIME140_1 00000001400329d4     vcruntime:VCRUNTIME140_1.dll
 0002:000239e8       __IMPORT_DESCRIPTOR_api-ms-win-crt-heap-l1-1-0 00000001400329e8     ucrt:api-ms-win-crt-heap-l1-1-0.dll
 0002:000239fc       __IMPORT_DESCRIPTOR_api-ms-win-crt-stdio-l1-1-0 00000001400329fc     ucrt:api-ms-win-crt-stdio-l1-1-0.dll
 0002:00023a10       __IMPORT_DESCRIPTOR_api-ms-win-crt-math-l1-1-0 0000000140032a10     ucrt:api-ms-win-crt-math-l1-1-0.dll
 0002:00023a24       __IMPORT_DESCRIPTOR_api-ms-win-crt-runtime-l1-1-0 0000000140032a24     ucrt:api-ms-win-crt-runtime-l1-1-0.dll
 0002:00023a38       __IMPORT_DESCRIPTOR_api-ms-win-crt-locale-l1-1-0 0000000140032a38     ucrt:api-ms-win-crt-locale-l1-1-0.dll
 0002:00023a4c       __NULL_IMPORT_DESCRIPTOR   0000000140032a4c     kernel32:KERNEL32.dll
[...]
 0002:000232e8       $unwind$??0sentry@?$basic_ostream@DU?$char_traits@D@std@@@std@@QEAA@AEAV12@@Z 00000001400322e8     entry.obj
 0002:000232f8       $unwind$?_Getcat@?$numpunct@D@std@@SA_KPEAPEBVfacet@locale@2@PEBV42@@Z 00000001400322f8     entry.obj
 0002:00023314       $unwind$??$_Floating_to_chars_ryu@M@std@@YA?AUto_chars_result@0@QEAD0MW4chars_format@0@@Z 0000000140032314     entry.obj
 0002:0002332c       $unwind$??$_Floating_to_chars_ryu@N@std@@YA?AUto_chars_result@0@QEAD0NW4chars_format@0@@Z 000000014003232c     entry.obj
 0002:0002332c       $unwind$??$_Write_aligned@V?$back_insert_iterator@V?$_Fmt_buffer@D@std@@@std@@U?$_Basic_format_specs@D@2@V<lambda_1>@?1???$_Fmt_write@DV?$back_insert_iterator@V?$_Fmt_buffer@D@std@@@std@@@__p2286@2@YA?AV12@V12@V?$basic_string_view@DU?$char_traits@D@std@@@2@AEBU32@V_Lazy_locale@2@@Z@@__p2286@std@@YA?AV?$back_insert_iterator@V?$_Fmt_buffer@D@std@@@1@V21@HAEBU?$_Basic_format_specs@D@1@W4_Fmt_align@1@$$QEAV<lambda_1>@?1???$_Fmt_write@DV?$back_insert_iterator@V?$_Fmt_buffer@D@std@@@std@@@01@YA?AV21@0V?$basic_string_view@DU?$char_traits@D@std@@@1@1V_Lazy_locale@1@@Z@@Z 000000014003232c     entry.obj
 0002:0002332c       $unwind$??$_Write_aligned@V?$back_insert_iterator@V?$_Fmt_buffer@D@std@@@std@@U?$_Basic_format_specs@D@2@V<lambda_1>@?1???$_Write_escaped@DV?$back_insert_iterator@V?$_Fmt_buffer@D@std@@@std@@@__p2286@2@YA?AV12@V12@V?$basic_string_view@DU?$char_traits@D@std@@@2@U32@D@Z@@__p2286@std@@YA?AV?$back_insert_iterator@V?$_Fmt_buffer@D@std@@@1@V21@HAEBU?$_Basic_format_specs@D@1@W4_Fmt_align@1@$$QEAV<lambda_1>@?1???$_Write_escaped@DV?$back_insert_iterator@V?$_Fmt_buffer@D@std@@@std@@@01@YA?AV21@0V?$basic_string_view@DU?$char_traits@D@std@@@1@U31@D@Z@@Z 000000014003232c     entry.obj
 0002:00023340       $unwind$??$_Floating_to_chars_general_precision@M@std@@YA?AUto_chars_result@0@PEADQEADMH@Z 0000000140032340     entry.obj
 0002:00023368       $unwind$??$_Floating_to_chars_hex_precision@M@std@@YA?AUto_chars_result@0@PEADQEADMH@Z 0000000140032368     entry.obj
 0002:00023380       $unwind$??$_Floating_to_chars_general_precision@N@std@@YA?AUto_chars_result@0@PEADQEADNH@Z 0000000140032380     entry.obj
 0002:000233a8       $unwind$??$_Floating_to_chars_hex_precision@N@std@@YA?AUto_chars_result@0@PEADQEADNH@Z 00000001400323a8     entry.obj
 0002:000233c4       $unwind$??$_Insert_string@DU?$char_traits@D@std@@_K@std@@YAAEAV?$basic_ostream@DU?$char_traits@D@std@@@0@AEAV10@QEBD_K@Z 00000001400323c4     entry.obj
 0002:000233e0       $cppxdata$??$_Insert_string@DU?$char_traits@D@std@@_K@std@@YAAEAV?$basic_ostream@DU?$char_traits@D@std@@@0@AEAV10@QEBD_K@Z 00000001400323e0     entry.obj
 0002:000233ed       $tryMap$??$_Insert_string@DU?$char_traits@D@std@@_K@std@@YAAEAV?$basic_ostream@DU?$char_traits@D@std@@@0@AEAV10@QEBD_K@Z 00000001400323ed     entry.obj
 0002:000233f5       $handlerMap$??$_Insert_string@DU?$char_traits@D@std@@_K@std@@YAAEAV?$basic_ostream@DU?$char_traits@D@std@@@0@AEAV10@QEBD_K@Z 00000001400323f5     entry.obj
 0002:000233fd       $ip2state$??$_Insert_string@DU?$char_traits@D@std@@_K@std@@YAAEAV?$basic_ostream@DU?$char_traits@D@std@@@0@AEAV10@QEBD_K@Z 00000001400323fd     entry.obj
 0002:00023408       $unwind$??$__d2fixed_buffered_n@D@std@@YA?AU?$pair@PEADW4errc@std@@@0@PEADQEADNI@Z 0000000140032408     entry.obj
 0002:00023420       $unwind$??$vformat_to@V?$back_insert_iterator@V?$basic_string@DU?$char_traits@D@std@@V?$allocator@D@2@@std@@@std@@@__p2286@std@@YA?AV?$back_insert_iterator@V?$basic_string@DU?$char_traits@D@std@@V?$allocator@D@2@@std@@@1@V21@V?$basic_string_view@DU?$char_traits@D@std@@@1@V?$basic_format_args@V?$basic_format_context@V?$back_insert_iterator@V?$_Fmt_buffer@D@std@@@std@@D@std@@@1@@Z 0000000140032420     entry.obj
 0002:00023444       $unwind$??$_Reallocate_grow_by@V<lambda_1>@?1??reserve@?$basic_string@DU?$char_traits@D@std@@V?$allocator@D@2@@std@@QEAAX_K@Z@$$V@?$basic_string@DU?$char_traits@D@std@@V?$allocator@D@2@@std@@AEAAAEAV01@_KV<lambda_1>@?1??reserve@01@QEAAX0@Z@@Z 0000000140032444     entry.obj
 0002:0002345c       $unwind$?_Flush@?$_Fmt_iterator_buffer@V?$back_insert_iterator@V?$basic_string@DU?$char_traits@D@std@@V?$allocator@D@2@@std@@@std@@DU_Fmt_buffer_traits@2@@std@@AEAAXXZ 000000014003245c     entry.obj
 0002:00023470       $unwind$??$_Large_integer_to_chars@D@std@@YA?AU?$pair@PEADW4errc@std@@@0@QEAD0IH@Z 0000000140032470     entry.obj
 0002:00023490       $unwind$??$__to_chars@D@std@@YA?AU?$pair@PEADW4errc@std@@@0@QEAD0U__floating_decimal_32@0@W4chars_format@0@II@Z 0000000140032490     entry.obj
 0002:00023490       $unwind$??$__to_chars@D@std@@YA?AU?$pair@PEADW4errc@std@@@0@QEAD0U__floating_decimal_64@0@W4chars_format@0@N@Z 0000000140032490     entry.obj
 0002:00023490       $unwind$??E?$_Grapheme_break_property_iterator@D@std@@QEAAAEAV01@XZ 0000000140032490     entry.obj
 0002:000234ac       $unwind$??$_Parse_replacement_field@DAEAU?$_Format_handler@D@__p2286@std@@@std@@YAPEBDPEBD0AEAU?$_Format_handler@D@__p2286@0@@Z 00000001400324ac     entry.obj
 0002:000234cc       $unwind$??$_Reallocate_grow_by@V<lambda_1>@?1??insert@?$basic_string@DU?$char_traits@D@std@@V?$allocator@D@2@@std@@QEAAAEAV34@_KQEBD0@Z@_KPEBD_K@?$basic_string@DU?$char_traits@D@std@@V?$allocator@D@2@@std@@AEAAAEAV01@_KV<lambda_1>@?1??insert@01@QEAAAEAV01@0QEBD0@Z@_KPEBD3@Z 00000001400324cc     entry.obj
 0002:000234cc       $unwind$??$_Write_separated_integer@DV?$back_insert_iterator@V?$_Fmt_buffer@D@std@@@std@@@__p2286@std@@YA?AV?$back_insert_iterator@V?$_Fmt_buffer@D@std@@@1@PEBDQEBDV?$basic_string_view@DU?$char_traits@D@std@@@1@DHV21@@Z 00000001400324cc     entry.obj
 0002:000234e8       $unwind$??$_Visit@U?$_Arg_formatter@V?$back_insert_iterator@V?$_Fmt_buffer@D@std@@@std@@D@__p2286@std@@@?$basic_format_arg@V?$basic_format_context@V?$back_insert_iterator@V?$_Fmt_buffer@D@std@@@std@@D@std@@@std@@QEAA?A_T$$QEAU?$_Arg_formatter@V?$back_insert_iterator@V?$_Fmt_buffer@D@std@@@std@@D@__p2286@1@@Z 00000001400324e8     entry.obj
 0002:00023504       $unwind$??$_Visit@U?$_Default_arg_formatter@V?$back_insert_iterator@V?$_Fmt_buffer@D@std@@@std@@D@__p2286@std@@@?$basic_format_arg@V?$basic_format_context@V?$back_insert_iterator@V?$_Fmt_buffer@D@std@@@std@@D@std@@@std@@QEAA?A_T$$QEAU?$_Default_arg_formatter@V?$back_insert_iterator@V?$_Fmt_buffer@D@std@@@std@@D@__p2286@1@@Z 0000000140032504     entry.obj
 0002:00023524       $unwind$??$_Parse_format_specs@DAEAV?$_Specs_checker@V?$_Specs_handler@V?$basic_format_parse_context@D@std@@V?$basic_format_context@V?$back_insert_iterator@V?$_Fmt_buffer@D@std@@@std@@D@2@@std@@@std@@@std@@YAPEBDPEBD0AEAV?$_Specs_checker@V?$_Specs_handler@V?$basic_format_parse_context@D@std@@V?$basic_format_context@V?$back_insert_iterator@V?$_Fmt_buffer@D@std@@@std@@D@2@@std@@@0@@Z 0000000140032524     entry.obj
 0002:00023540       $unwind$??$_Parse_precision@DAEAV?$_Specs_checker@V?$_Specs_handler@V?$basic_format_parse_context@D@std@@V?$basic_format_context@V?$back_insert_iterator@V?$_Fmt_buffer@D@std@@@std@@D@2@@std@@@std@@@std@@YAPEBDPEBD0AEAV?$_Specs_checker@V?$_Specs_handler@V?$basic_format_parse_context@D@std@@V?$basic_format_context@V?$back_insert_iterator@V?$_Fmt_buffer@D@std@@@std@@D@2@@std@@@0@@Z 0000000140032540     entry.obj
 0002:00023550       $unwind$??$_Fmt_write@DV?$back_insert_iterator@V?$_Fmt_buffer@D@std@@@std@@@__p2286@std@@YA?AV?$back_insert_iterator@V?$_Fmt_buffer@D@std@@@1@V21@_NU?$_Basic_format_specs@D@1@V_Lazy_locale@1@@Z 0000000140032550     entry.obj
 0002:00023570       $unwind$??$_Fmt_write@DV?$back_insert_iterator@V?$_Fmt_buffer@D@std@@@std@@@__p2286@std@@YA?AV?$back_insert_iterator@V?$_Fmt_buffer@D@std@@@1@V21@DU?$_Basic_format_specs@D@1@V_Lazy_locale@1@@Z 0000000140032570     entry.obj
 0002:0002357c       $unwind$??$_Fmt_write@DV?$back_insert_iterator@V?$_Fmt_buffer@D@std@@@std@@M@__p2286@std@@YA?AV?$back_insert_iterator@V?$_Fmt_buffer@D@std@@@1@V21@MAEBU?$_Basic_format_specs@D@1@V_Lazy_locale@1@@Z 000000014003257c     entry.obj
 0002:000235a4       $unwind$??R<lambda_1>@?1???$_Fmt_write@DV?$back_insert_iterator@V?$_Fmt_buffer@D@std@@@std@@M@__p2286@std@@YA?AV?$back_insert_iterator@V?$_Fmt_buffer@D@std@@@2@V32@MAEBU?$_Basic_format_specs@D@2@V_Lazy_locale@2@@Z@QEBA@0@Z 00000001400325a4     entry.obj
 0002:000235a4       $unwind$??R<lambda_1>@?1???$_Fmt_write@DV?$back_insert_iterator@V?$_Fmt_buffer@D@std@@@std@@N@__p2286@std@@YA?AV?$back_insert_iterator@V?$_Fmt_buffer@D@std@@@2@V32@NAEBU?$_Basic_format_specs@D@2@V_Lazy_locale@2@@Z@QEBA@0@Z 00000001400325a4     entry.obj
 0002:000235a4       $unwind$??R<lambda_1>@?1???$_Fmt_write@DV?$back_insert_iterator@V?$_Fmt_buffer@D@std@@@std@@O@__p2286@std@@YA?AV?$back_insert_iterator@V?$_Fmt_buffer@D@std@@@2@V32@OAEBU?$_Basic_format_specs@D@2@V_Lazy_locale@2@@Z@QEBA@0@Z 00000001400325a4     entry.obj
 0002:000235bc       $unwind$??$_Fmt_write@DV?$back_insert_iterator@V?$_Fmt_buffer@D@std@@@std@@N@__p2286@std@@YA?AV?$back_insert_iterator@V?$_Fmt_buffer@D@std@@@1@V21@NAEBU?$_Basic_format_specs@D@1@V_Lazy_locale@1@@Z 00000001400325bc     entry.obj
 0002:000235bc       $unwind$??$_Fmt_write@DV?$back_insert_iterator@V?$_Fmt_buffer@D@std@@@std@@O@__p2286@std@@YA?AV?$back_insert_iterator@V?$_Fmt_buffer@D@std@@@1@V21@OAEBU?$_Basic_format_specs@D@1@V_Lazy_locale@1@@Z 00000001400325bc     entry.obj
 0002:000235e4       $unwind$??R<lambda_1>@?1???$_Fmt_write@DV?$back_insert_iterator@V?$_Fmt_buffer@D@std@@@std@@@__p2286@std@@YA?AV?$back_insert_iterator@V?$_Fmt_buffer@D@std@@@2@V32@QEBXAEBU?$_Basic_format_specs@D@2@V_Lazy_locale@2@@Z@QEBA@0@Z 00000001400325e4     entry.obj
 0002:000235f8       $unwind$??$_Fmt_write@DV?$back_insert_iterator@V?$_Fmt_buffer@D@std@@@std@@@__p2286@std@@YA?AV?$back_insert_iterator@V?$_Fmt_buffer@D@std@@@1@V21@V?$basic_string_view@DU?$char_traits@D@std@@@1@AEBU?$_Basic_format_specs@D@1@V_Lazy_locale@1@@Z 00000001400325f8     entry.obj
 0002:0002360c       $unwind$??$_Fmt_write@DV?$back_insert_iterator@V?$_Fmt_buffer@D@std@@@std@@@__p2286@std@@YA?AV?$back_insert_iterator@V?$_Fmt_buffer@D@std@@@1@V21@PEBD@Z 000000014003260c     entry.obj
 0002:00023620       $unwind$??$_Write_integral@DV?$back_insert_iterator@V?$_Fmt_buffer@D@std@@@std@@E@__p2286@std@@YA?AV?$back_insert_iterator@V?$_Fmt_buffer@D@std@@@1@V21@EU?$_Basic_format_specs@D@1@V_Lazy_locale@1@@Z 0000000140032620     entry.obj
 0002:00023644       $unwind$??R<lambda_1>@?1???$_Write_integral@DV?$back_insert_iterator@V?$_Fmt_buffer@D@std@@@std@@E@__p2286@std@@YA?AV?$back_insert_iterator@V?$_Fmt_buffer@D@std@@@2@V32@EU?$_Basic_format_specs@D@2@V_Lazy_locale@2@@Z@QEBA@0@Z 0000000140032644     entry.obj
 0002:00023644       $unwind$??R<lambda_1>@?1???$_Write_integral@DV?$back_insert_iterator@V?$_Fmt_buffer@D@std@@@std@@H@__p2286@std@@YA?AV?$back_insert_iterator@V?$_Fmt_buffer@D@std@@@2@V32@HU?$_Basic_format_specs@D@2@V_Lazy_locale@2@@Z@QEBA@0@Z 0000000140032644     entry.obj
 0002:00023644       $unwind$??R<lambda_1>@?1???$_Write_integral@DV?$back_insert_iterator@V?$_Fmt_buffer@D@std@@@std@@I@__p2286@std@@YA?AV?$back_insert_iterator@V?$_Fmt_buffer@D@std@@@2@V32@IU?$_Basic_format_specs@D@2@V_Lazy_locale@2@@Z@QEBA@0@Z 0000000140032644     entry.obj
 0002:00023644       $unwind$??R<lambda_1>@?1???$_Write_integral@DV?$back_insert_iterator@V?$_Fmt_buffer@D@std@@@std@@_J@__p2286@std@@YA?AV?$back_insert_iterator@V?$_Fmt_buffer@D@std@@@2@V32@_JU?$_Basic_format_specs@D@2@V_Lazy_locale@2@@Z@QEBA@0@Z 0000000140032644     entry.obj
 0002:00023644       $unwind$??R<lambda_1>@?1???$_Write_integral@DV?$back_insert_iterator@V?$_Fmt_buffer@D@std@@@std@@_K@__p2286@std@@YA?AV?$back_insert_iterator@V?$_Fmt_buffer@D@std@@@2@V32@_KU?$_Basic_format_specs@D@2@V_Lazy_locale@2@@Z@QEBA@0@Z 0000000140032644     entry.obj
 0002:00023654       $unwind$??$_Write_integral@DV?$back_insert_iterator@V?$_Fmt_buffer@D@std@@@std@@H@__p2286@std@@YA?AV?$back_insert_iterator@V?$_Fmt_buffer@D@std@@@1@V21@HU?$_Basic_format_specs@D@1@V_Lazy_locale@1@@Z 0000000140032654     entry.obj
 0002:00023654       $unwind$??$_Write_integral@DV?$back_insert_iterator@V?$_Fmt_buffer@D@std@@@std@@I@__p2286@std@@YA?AV?$back_insert_iterator@V?$_Fmt_buffer@D@std@@@1@V21@IU?$_Basic_format_specs@D@1@V_Lazy_locale@1@@Z 0000000140032654     entry.obj
 0002:00023654       $unwind$??$_Write_integral@DV?$back_insert_iterator@V?$_Fmt_buffer@D@std@@@std@@_J@__p2286@std@@YA?AV?$back_insert_iterator@V?$_Fmt_buffer@D@std@@@1@V21@_JU?$_Basic_format_specs@D@1@V_Lazy_locale@1@@Z 0000000140032654     entry.obj
 0002:00023654       $unwind$??$_Write_integral@DV?$back_insert_iterator@V?$_Fmt_buffer@D@std@@@std@@_K@__p2286@std@@YA?AV?$back_insert_iterator@V?$_Fmt_buffer@D@std@@@1@V21@_KU?$_Basic_format_specs@D@1@V_Lazy_locale@1@@Z 0000000140032654     entry.obj
 0002:00023678       $unwind$??$_Write_escaped@DV?$back_insert_iterator@V?$_Fmt_buffer@D@std@@@std@@@__p2286@std@@YA?AV?$back_insert_iterator@V?$_Fmt_buffer@D@std@@@1@V21@V?$basic_string_view@DU?$char_traits@D@std@@@1@U?$_Basic_format_specs@D@1@D@Z 0000000140032678     entry.obj
 0002:00023694       $unwind$??$_Write_aligned@V?$back_insert_iterator@V?$_Fmt_buffer@D@std@@@std@@U?$_Basic_format_specs@D@2@AEAV<lambda_1>@?1???$_Fmt_write@DV?$back_insert_iterator@V?$_Fmt_buffer@D@std@@@std@@@__p2286@2@YA?AV12@V12@QEBXAEBU32@V_Lazy_locale@2@@Z@@__p2286@std@@YA?AV?$back_insert_iterator@V?$_Fmt_buffer@D@std@@@1@V21@HAEBU?$_Basic_format_specs@D@1@W4_Fmt_align@1@AEAV<lambda_1>@?1???$_Fmt_write@DV?$back_insert_iterator@V?$_Fmt_buffer@D@std@@@std@@@01@YA?AV21@0QEBX1V_Lazy_locale@1@@Z@@Z 0000000140032694     entry.obj
 0002:00023694       $unwind$??$_Write_aligned@V?$back_insert_iterator@V?$_Fmt_buffer@D@std@@@std@@U?$_Basic_format_specs@D@2@AEAV<lambda_1>@?1???$_Write_integral@DV?$back_insert_iterator@V?$_Fmt_buffer@D@std@@@std@@E@__p2286@2@YA?AV12@V12@EU32@V_Lazy_locale@2@@Z@@__p2286@std@@YA?AV?$back_insert_iterator@V?$_Fmt_buffer@D@std@@@1@V21@HAEBU?$_Basic_format_specs@D@1@W4_Fmt_align@1@AEAV<lambda_1>@?1???$_Write_integral@DV?$back_insert_iterator@V?$_Fmt_buffer@D@std@@@std@@E@01@YA?AV21@0EU31@V_Lazy_locale@1@@Z@@Z 0000000140032694     entry.obj
 0002:00023694       $unwind$??$_Write_aligned@V?$back_insert_iterator@V?$_Fmt_buffer@D@std@@@std@@U?$_Basic_format_specs@D@2@AEAV<lambda_1>@?1???$_Write_integral@DV?$back_insert_iterator@V?$_Fmt_buffer@D@std@@@std@@H@__p2286@2@YA?AV12@V12@HU32@V_Lazy_locale@2@@Z@@__p2286@std@@YA?AV?$back_insert_iterator@V?$_Fmt_buffer@D@std@@@1@V21@HAEBU?$_Basic_format_specs@D@1@W4_Fmt_align@1@AEAV<lambda_1>@?1???$_Write_integral@DV?$back_insert_iterator@V?$_Fmt_buffer@D@std@@@std@@H@01@YA?AV21@0HU31@V_Lazy_locale@1@@Z@@Z 0000000140032694     entry.obj
 0002:00023694       $unwind$??$_Write_aligned@V?$back_insert_iterator@V?$_Fmt_buffer@D@std@@@std@@U?$_Basic_format_specs@D@2@AEAV<lambda_1>@?1???$_Write_integral@DV?$back_insert_iterator@V?$_Fmt_buffer@D@std@@@std@@I@__p2286@2@YA?AV12@V12@IU32@V_Lazy_locale@2@@Z@@__p2286@std@@YA?AV?$back_insert_iterator@V?$_Fmt_buffer@D@std@@@1@V21@HAEBU?$_Basic_format_specs@D@1@W4_Fmt_align@1@AEAV<lambda_1>@?1???$_Write_integral@DV?$back_insert_iterator@V?$_Fmt_buffer@D@std@@@std@@I@01@YA?AV21@0IU31@V_Lazy_locale@1@@Z@@Z 0000000140032694     entry.obj
 0002:00023694       $unwind$??$_Write_aligned@V?$back_insert_iterator@V?$_Fmt_buffer@D@std@@@std@@U?$_Basic_format_specs@D@2@AEAV<lambda_1>@?1???$_Write_integral@DV?$back_insert_iterator@V?$_Fmt_buffer@D@std@@@std@@_J@__p2286@2@YA?AV12@V12@_JU32@V_Lazy_locale@2@@Z@@__p2286@std@@YA?AV?$back_insert_iterator@V?$_Fmt_buffer@D@std@@@1@V21@HAEBU?$_Basic_format_specs@D@1@W4_Fmt_align@1@AEAV<lambda_1>@?1???$_Write_integral@DV?$back_insert_iterator@V?$_Fmt_buffer@D@std@@@std@@_J@01@YA?AV21@0_JU31@V_Lazy_locale@1@@Z@@Z 0000000140032694     entry.obj
 0002:00023694       $unwind$??$_Write_aligned@V?$back_insert_iterator@V?$_Fmt_buffer@D@std@@@std@@U?$_Basic_format_specs@D@2@AEAV<lambda_1>@?1???$_Write_integral@DV?$back_insert_iterator@V?$_Fmt_buffer@D@std@@@std@@_K@__p2286@2@YA?AV12@V12@_KU32@V_Lazy_locale@2@@Z@@__p2286@std@@YA?AV?$back_insert_iterator@V?$_Fmt_buffer@D@std@@@1@V21@HAEBU?$_Basic_format_specs@D@1@W4_Fmt_align@1@AEAV<lambda_1>@?1???$_Write_integral@DV?$back_insert_iterator@V?$_Fmt_buffer@D@std@@@std@@_K@01@YA?AV21@0_KU31@V_Lazy_locale@1@@Z@@Z 0000000140032694     entry.obj
 0002:000236a4       $unwind$??$_Measure_string_prefix@D@__p2286@std@@YAPEBDV?$basic_string_view@DU?$char_traits@D@std@@@1@AEAH@Z 00000001400326a4     entry.obj
 0002:000236bc       $unwind$??$_Write_escaped@DV?$back_insert_iterator@V?$_Fmt_buffer@D@std@@@std@@@__p2286@std@@YA?AV?$back_insert_iterator@V?$_Fmt_buffer@D@std@@@1@V21@V?$basic_string_view@DU?$char_traits@D@std@@@1@D@Z 00000001400326bc     entry.obj
 0002:000236e0       $xdatasym                  00000001400326e0     MSVCRT:amdsecgs.obj
 0002:000236e4       $unwind$?__scrt_common_main_seh@@YAHXZ 00000001400326e4     MSVCRT:exe_main.obj
 0002:0002371c       $unwind$?filt$0@?0??__scrt_common_main_seh@@YAHXZ@4HA 000000014003271c     MSVCRT:exe_main.obj
 0002:00023724       $unwind$__GSHandlerCheckCommon 0000000140032724     MSVCRT:gshandler.obj
 0002:0002372c       $unwind$__isa_available_init 000000014003272c     MSVCRT:cpu_disp.obj
 0002:00023740       $unwind$__scrt_is_nonwritable_in_current_image 0000000140032740     MSVCRT:utility.obj
 0002:00023760       $unwind$__scrt_is_nonwritable_in_current_image$filt$0 0000000140032760     MSVCRT:utility.obj
 0002:00023768       $unwind$__report_gsfailure 0000000140032768     MSVCRT:gs_report.obj
 0002:00023770       $unwind$capture_previous_context 0000000140032770     MSVCRT:gs_report.obj
 0002:0002377c       $unwind$__security_init_cookie 000000014003277c     MSVCRT:gs_support.obj
 0002:00023788       $unwind$__scrt_fastfail    0000000140032788     MSVCRT:utility_desktop.obj
 0002:00023798       $xdatasym                  0000000140032798     MSVCRT:guard_dispatch.obj
 0002:000237a0       $xdatasym                  00000001400327a0     MSVCRT:guard_xfg_dispatch.obj
 0002:00023f94       .idata$6                   0000000140032f94     kernel32:KERNEL32.dll
 0002:0002401e       .idata$6                   000000014003301e     user32:USER32.dll
 0002:0002452e       .idata$6                   000000014003352e     msvcprt:MSVCP140.dll
 0002:000245fa       .idata$6                   00000001400335fa     vcruntime:VCRUNTIME140.dll
 0002:0002460c       .idata$6                   000000014003360c     vcruntime:VCRUNTIME140_1.dll
 0002:0002485c       .idata$6                   000000014003385c     ucrt:api-ms-win-crt-heap-l1-1-0.dll
 0002:0002487c       .idata$6                   000000014003387c     ucrt:api-ms-win-crt-stdio-l1-1-0.dll
 0002:0002489c       .idata$6                   000000014003389c     ucrt:api-ms-win-crt-math-l1-1-0.dll
 0002:000248bc       .idata$6                   00000001400338bc     ucrt:api-ms-win-crt-runtime-l1-1-0.dll
 0002:000248de       .idata$6                   00000001400338de     ucrt:api-ms-win-crt-locale-l1-1-0.dll
 0003:00000350       ?_Fac_head@std@@3PEAU_Fac_node@1@EA 0000000140034350     msvcprt:locale0_implib.obj
 0003:00000358       ?_Fac_tidy_reg@std@@3U_Fac_tidy_reg_t@1@B 0000000140034358     msvcprt:locale0_implib.obj
 0003:00000378       ?is_initialized_as_dll@@3_NA 0000000140034378     MSVCRT:utility.obj
 0003:00000379       ?module_local_atexit_table_initialized@@3_NA 0000000140034379     MSVCRT:utility.obj
 0003:00000380       ?module_local_atexit_table@@3U_onexit_table_t@@A 0000000140034380     MSVCRT:utility.obj
 0003:00000398       ?module_local_at_quick_exit_table@@3U_onexit_table_t@@A 0000000140034398     MSVCRT:utility.obj
 0003:000003b0       GS_ExceptionRecord         00000001400343b0     MSVCRT:gs_report.obj
 0003:00000450       GS_ContextRecord           0000000140034450     MSVCRT:gs_report.obj
 0005:00000060       $R000000                   0000000140036060     * linker generated manifest res *
